=== Thu Apr  9 04:43:56 AM UTC 2026 ===
2, 4 MiB, 97244 MiB, 97887 MiB
3, 4 MiB, 97244 MiB, 97887 MiB
               total        used        free      shared  buff/cache   available
Mem:           755Gi       258Gi       300Gi       100Mi       202Gi       496Gi
Swap:          8.0Gi       1.8Gi       6.2Gi
=== Thu Apr  9 04:44:07 AM UTC 2026 ===
2, 4 MiB, 97244 MiB, 97887 MiB
3, 4 MiB, 97244 MiB, 97887 MiB
               total        used        free      shared  buff/cache   available
Mem:           755Gi       259Gi       300Gi       100Mi       202Gi       496Gi
Swap:          8.0Gi       1.8Gi       6.2Gi
=== Thu Apr  9 04:44:18 AM UTC 2026 ===
2, 914 MiB, 96335 MiB, 97887 MiB
3, 914 MiB, 96335 MiB, 97887 MiB
               total        used        free      shared  buff/cache   available
Mem:           755Gi       261Gi       297Gi       141Mi       202Gi       493Gi
Swap:          8.0Gi       1.8Gi       6.2Gi
=== Thu Apr  9 04:44:28 AM UTC 2026 ===
2, 914 MiB, 96335 MiB, 97887 MiB
3, 914 MiB, 96335 MiB, 97887 MiB
               total        used        free      shared  buff/cache   available
Mem:           755Gi       267Gi       290Gi       142Mi       203Gi       487Gi
Swap:          8.0Gi       1.8Gi       6.2Gi
=== Thu Apr  9 04:44:38 AM UTC 2026 ===
2, 914 MiB, 96335 MiB, 97887 MiB
3, 914 MiB, 96335 MiB, 97887 MiB
               total        used        free      shared  buff/cache   available
Mem:           755Gi       270Gi       287Gi       142Mi       203Gi       484Gi
Swap:          8.0Gi       1.8Gi       6.2Gi
=== Thu Apr  9 04:44:49 AM UTC 2026 ===
2, 914 MiB, 96335 MiB, 97887 MiB
3, 914 MiB, 96335 MiB, 97887 MiB
               total        used        free      shared  buff/cache   available
Mem:           755Gi       273Gi       284Gi       142Mi       203Gi       481Gi
Swap:          8.0Gi       1.8Gi       6.2Gi
=== Thu Apr  9 04:44:59 AM UTC 2026 ===
2, 914 MiB, 96335 MiB, 97887 MiB
3, 914 MiB, 96335 MiB, 97887 MiB
               total        used        free      shared  buff/cache   available
Mem:           755Gi       275Gi       282Gi       142Mi       203Gi       479Gi
Swap:          8.0Gi       1.8Gi       6.2Gi
=== Thu Apr  9 04:45:09 AM UTC 2026 ===
2, 914 MiB, 96335 MiB, 97887 MiB
3, 914 MiB, 96335 MiB, 97887 MiB
               total        used        free      shared  buff/cache   available
Mem:           755Gi       275Gi       282Gi       142Mi       203Gi       480Gi
Swap:          8.0Gi       1.8Gi       6.2Gi
=== Thu Apr  9 04:45:19 AM UTC 2026 ===
2, 914 MiB, 96335 MiB, 97887 MiB
3, 914 MiB, 96335 MiB, 97887 MiB
               total        used        free      shared  buff/cache   available
Mem:           755Gi       275Gi       282Gi       142Mi       203Gi       480Gi
Swap:          8.0Gi       1.8Gi       6.2Gi
=== Thu Apr  9 04:45:30 AM UTC 2026 ===
2, 914 MiB, 96335 MiB, 97887 MiB
3, 914 MiB, 96335 MiB, 97887 MiB
               total        used        free      shared  buff/cache   available
Mem:           755Gi       275Gi       282Gi       142Mi       203Gi       480Gi
Swap:          8.0Gi       1.8Gi       6.2Gi
=== Thu Apr  9 04:45:41 AM UTC 2026 ===
2, 914 MiB, 96335 MiB, 97887 MiB
3, 914 MiB, 96335 MiB, 97887 MiB
               total        used        free      shared  buff/cache   available
Mem:           755Gi       285Gi       268Gi       142Mi       208Gi       470Gi
Swap:          8.0Gi       1.8Gi       6.2Gi
=== Thu Apr  9 04:45:51 AM UTC 2026 ===
2, 15388 MiB, 81861 MiB, 97887 MiB
3, 15388 MiB, 81861 MiB, 97887 MiB
               total        used        free      shared  buff/cache   available
Mem:           755Gi       271Gi       279Gi       146Mi       210Gi       484Gi
Swap:          8.0Gi       1.8Gi       6.2Gi
=== Thu Apr  9 04:46:01 AM UTC 2026 ===
2, 24968 MiB, 72281 MiB, 97887 MiB
3, 24968 MiB, 72281 MiB, 97887 MiB
               total        used        free      shared  buff/cache   available
Mem:           755Gi       275Gi       273Gi       146Mi       212Gi       480Gi
Swap:          8.0Gi       1.8Gi       6.2Gi
=== Thu Apr  9 04:46:12 AM UTC 2026 ===
2, 24968 MiB, 72281 MiB, 97887 MiB
3, 24968 MiB, 72281 MiB, 97887 MiB
               total        used        free      shared  buff/cache   available
Mem:           755Gi       271Gi       277Gi       146Mi       212Gi       484Gi
Swap:          8.0Gi       1.8Gi       6.2Gi
=== Thu Apr  9 04:46:22 AM UTC 2026 ===
2, 24968 MiB, 72281 MiB, 97887 MiB
3, 24968 MiB, 72281 MiB, 97887 MiB
               total        used        free      shared  buff/cache   available
Mem:           755Gi       276Gi       272Gi       146Mi       212Gi       479Gi
Swap:          8.0Gi       1.8Gi       6.2Gi
=== Thu Apr  9 04:46:33 AM UTC 2026 ===
2, 24968 MiB, 72281 MiB, 97887 MiB
3, 24968 MiB, 72281 MiB, 97887 MiB
               total        used        free      shared  buff/cache   available
Mem:           755Gi       275Gi       272Gi       146Mi       212Gi       479Gi
Swap:          8.0Gi       1.8Gi       6.2Gi
=== Thu Apr  9 04:46:43 AM UTC 2026 ===
2, 24968 MiB, 72281 MiB, 97887 MiB
3, 24968 MiB, 72281 MiB, 97887 MiB
               total        used        free      shared  buff/cache   available
Mem:           755Gi       275Gi       272Gi       146Mi       212Gi       479Gi
Swap:          8.0Gi       1.8Gi       6.2Gi
=== Thu Apr  9 04:46:54 AM UTC 2026 ===
2, 24968 MiB, 72281 MiB, 97887 MiB
3, 24968 MiB, 72281 MiB, 97887 MiB
               total        used        free      shared  buff/cache   available
Mem:           755Gi       275Gi       273Gi       146Mi       212Gi       479Gi
Swap:          8.0Gi       1.8Gi       6.2Gi
=== Thu Apr  9 04:47:04 AM UTC 2026 ===
2, 24968 MiB, 72281 MiB, 97887 MiB
3, 24968 MiB, 72281 MiB, 97887 MiB
               total        used        free      shared  buff/cache   available
Mem:           755Gi       275Gi       272Gi       146Mi       212Gi       479Gi
Swap:          8.0Gi       1.8Gi       6.2Gi
=== Thu Apr  9 04:47:15 AM UTC 2026 ===
2, 29704 MiB, 67545 MiB, 97887 MiB
3, 30404 MiB, 66845 MiB, 97887 MiB
               total        used        free      shared  buff/cache   available
Mem:           755Gi       269Gi       279Gi       146Mi       212Gi       486Gi
Swap:          8.0Gi       1.8Gi       6.2Gi
=== Thu Apr  9 04:47:25 AM UTC 2026 ===
2, 38992 MiB, 58257 MiB, 97887 MiB
3, 39030 MiB, 58219 MiB, 97887 MiB
               total        used        free      shared  buff/cache   available
Mem:           755Gi       269Gi       278Gi       146Mi       212Gi       485Gi
Swap:          8.0Gi       1.8Gi       6.2Gi
=== Thu Apr  9 04:47:36 AM UTC 2026 ===
2, 46940 MiB, 50309 MiB, 97887 MiB
3, 47230 MiB, 50019 MiB, 97887 MiB
               total        used        free      shared  buff/cache   available
Mem:           755Gi       269Gi       278Gi       146Mi       213Gi       485Gi
Swap:          8.0Gi       1.8Gi       6.2Gi
=== Thu Apr  9 04:47:46 AM UTC 2026 ===
2, 40962 MiB, 56287 MiB, 97887 MiB
3, 41102 MiB, 56147 MiB, 97887 MiB
               total        used        free      shared  buff/cache   available
Mem:           755Gi       269Gi       278Gi       146Mi       213Gi       485Gi
Swap:          8.0Gi       1.8Gi       6.2Gi
=== Thu Apr  9 04:47:57 AM UTC 2026 ===
2, 41470 MiB, 55779 MiB, 97887 MiB
3, 41312 MiB, 55937 MiB, 97887 MiB
               total        used        free      shared  buff/cache   available
Mem:           755Gi       269Gi       278Gi       146Mi       213Gi       485Gi
Swap:          8.0Gi       1.8Gi       6.2Gi
=== Thu Apr  9 04:48:07 AM UTC 2026 ===
2, 46692 MiB, 50557 MiB, 97887 MiB
3, 48352 MiB, 48897 MiB, 97887 MiB
               total        used        free      shared  buff/cache   available
Mem:           755Gi       269Gi       278Gi       146Mi       213Gi       485Gi
Swap:          8.0Gi       1.8Gi       6.2Gi
=== Thu Apr  9 04:48:18 AM UTC 2026 ===
2, 49368 MiB, 47881 MiB, 97887 MiB
3, 49430 MiB, 47819 MiB, 97887 MiB
               total        used        free      shared  buff/cache   available
Mem:           755Gi       269Gi       279Gi       146Mi       213Gi       486Gi
Swap:          8.0Gi       1.8Gi       6.2Gi
=== Thu Apr  9 04:48:29 AM UTC 2026 ===
2, 41062 MiB, 56187 MiB, 97887 MiB
3, 41622 MiB, 55627 MiB, 97887 MiB
               total        used        free      shared  buff/cache   available
Mem:           755Gi       269Gi       279Gi       146Mi       213Gi       486Gi
Swap:          8.0Gi       1.8Gi       6.2Gi
=== Thu Apr  9 04:48:39 AM UTC 2026 ===
2, 40880 MiB, 56369 MiB, 97887 MiB
3, 40902 MiB, 56347 MiB, 97887 MiB
               total        used        free      shared  buff/cache   available
Mem:           755Gi       269Gi       279Gi       146Mi       213Gi       486Gi
Swap:          8.0Gi       1.8Gi       6.2Gi
=== Thu Apr  9 04:48:50 AM UTC 2026 ===
2, 41318 MiB, 55931 MiB, 97887 MiB
3, 41374 MiB, 55875 MiB, 97887 MiB
               total        used        free      shared  buff/cache   available
Mem:           755Gi       269Gi       279Gi       146Mi       213Gi       486Gi
Swap:          8.0Gi       1.8Gi       6.2Gi
=== Thu Apr  9 04:49:00 AM UTC 2026 ===
2, 46692 MiB, 50557 MiB, 97887 MiB
3, 48114 MiB, 49135 MiB, 97887 MiB
               total        used        free      shared  buff/cache   available
Mem:           755Gi       269Gi       279Gi       146Mi       213Gi       486Gi
Swap:          8.0Gi       1.8Gi       6.2Gi
=== Thu Apr  9 04:49:11 AM UTC 2026 ===
2, 48740 MiB, 48509 MiB, 97887 MiB
3, 49032 MiB, 48217 MiB, 97887 MiB
               total        used        free      shared  buff/cache   available
Mem:           755Gi       269Gi       279Gi       146Mi       213Gi       486Gi
Swap:          8.0Gi       1.8Gi       6.2Gi
=== Thu Apr  9 04:49:22 AM UTC 2026 ===
2, 41562 MiB, 55687 MiB, 97887 MiB
3, 41624 MiB, 55625 MiB, 97887 MiB
               total        used        free      shared  buff/cache   available
Mem:           755Gi       269Gi       279Gi       146Mi       213Gi       486Gi
Swap:          8.0Gi       1.8Gi       6.2Gi
=== Thu Apr  9 04:49:32 AM UTC 2026 ===
2, 42430 MiB, 54819 MiB, 97887 MiB
3, 42472 MiB, 54777 MiB, 97887 MiB
               total        used        free      shared  buff/cache   available
Mem:           755Gi       269Gi       279Gi       146Mi       213Gi       486Gi
Swap:          8.0Gi       1.8Gi       6.2Gi
=== Thu Apr  9 04:49:43 AM UTC 2026 ===
2, 50068 MiB, 47181 MiB, 97887 MiB
3, 49150 MiB, 48099 MiB, 97887 MiB
               total        used        free      shared  buff/cache   available
Mem:           755Gi       269Gi       279Gi       146Mi       213Gi       486Gi
Swap:          8.0Gi       1.8Gi       6.2Gi
=== Thu Apr  9 04:49:53 AM UTC 2026 ===
2, 44622 MiB, 52627 MiB, 97887 MiB
3, 44792 MiB, 52457 MiB, 97887 MiB
               total        used        free      shared  buff/cache   available
Mem:           755Gi       269Gi       279Gi       146Mi       213Gi       486Gi
Swap:          8.0Gi       1.8Gi       6.2Gi
=== Thu Apr  9 04:50:04 AM UTC 2026 ===
2, 41618 MiB, 55631 MiB, 97887 MiB
3, 41674 MiB, 55575 MiB, 97887 MiB
               total        used        free      shared  buff/cache   available
Mem:           755Gi       269Gi       279Gi       146Mi       213Gi       486Gi
Swap:          8.0Gi       1.8Gi       6.2Gi
=== Thu Apr  9 04:50:14 AM UTC 2026 ===
2, 41742 MiB, 55507 MiB, 97887 MiB
3, 41702 MiB, 55547 MiB, 97887 MiB
               total        used        free      shared  buff/cache   available
Mem:           755Gi       269Gi       279Gi       146Mi       213Gi       486Gi
Swap:          8.0Gi       1.8Gi       6.2Gi
=== Thu Apr  9 04:50:25 AM UTC 2026 ===
2, 42732 MiB, 54517 MiB, 97887 MiB
3, 42350 MiB, 54899 MiB, 97887 MiB
               total        used        free      shared  buff/cache   available
Mem:           755Gi       269Gi       279Gi       146Mi       213Gi       486Gi
Swap:          8.0Gi       1.8Gi       6.2Gi
=== Thu Apr  9 04:50:35 AM UTC 2026 ===
2, 49392 MiB, 47857 MiB, 97887 MiB
3, 49432 MiB, 47817 MiB, 97887 MiB
               total        used        free      shared  buff/cache   available
Mem:           755Gi       269Gi       279Gi       146Mi       213Gi       486Gi
Swap:          8.0Gi       1.8Gi       6.2Gi
=== Thu Apr  9 04:50:46 AM UTC 2026 ===
2, 42652 MiB, 54597 MiB, 97887 MiB
3, 42752 MiB, 54497 MiB, 97887 MiB
               total        used        free      shared  buff/cache   available
Mem:           755Gi       269Gi       279Gi       146Mi       213Gi       486Gi
Swap:          8.0Gi       1.8Gi       6.2Gi
=== Thu Apr  9 04:50:57 AM UTC 2026 ===
2, 41614 MiB, 55635 MiB, 97887 MiB
3, 42214 MiB, 55035 MiB, 97887 MiB
               total        used        free      shared  buff/cache   available
Mem:           755Gi       269Gi       279Gi       146Mi       213Gi       486Gi
Swap:          8.0Gi       1.8Gi       6.2Gi
=== Thu Apr  9 04:51:07 AM UTC 2026 ===
2, 43230 MiB, 54019 MiB, 97887 MiB
3, 43270 MiB, 53979 MiB, 97887 MiB
               total        used        free      shared  buff/cache   available
Mem:           755Gi       269Gi       279Gi       146Mi       213Gi       486Gi
Swap:          8.0Gi       1.8Gi       6.2Gi
=== Thu Apr  9 04:51:18 AM UTC 2026 ===
2, 47390 MiB, 49859 MiB, 97887 MiB
3, 47772 MiB, 49477 MiB, 97887 MiB
               total        used        free      shared  buff/cache   available
Mem:           755Gi       269Gi       279Gi       146Mi       213Gi       486Gi
Swap:          8.0Gi       1.8Gi       6.2Gi
=== Thu Apr  9 04:51:29 AM UTC 2026 ===
2, 40864 MiB, 56385 MiB, 97887 MiB
3, 41654 MiB, 55595 MiB, 97887 MiB
               total        used        free      shared  buff/cache   available
Mem:           755Gi       269Gi       279Gi       146Mi       213Gi       486Gi
Swap:          8.0Gi       1.8Gi       6.2Gi
=== Thu Apr  9 04:51:39 AM UTC 2026 ===
2, 42488 MiB, 54761 MiB, 97887 MiB
3, 42488 MiB, 54761 MiB, 97887 MiB
               total        used        free      shared  buff/cache   available
Mem:           755Gi       269Gi       279Gi       146Mi       213Gi       486Gi
Swap:          8.0Gi       1.8Gi       6.2Gi
=== Thu Apr  9 04:51:50 AM UTC 2026 ===
2, 48262 MiB, 48987 MiB, 97887 MiB
3, 48634 MiB, 48615 MiB, 97887 MiB
               total        used        free      shared  buff/cache   available
Mem:           755Gi       269Gi       279Gi       146Mi       213Gi       486Gi
Swap:          8.0Gi       1.8Gi       6.2Gi
=== Thu Apr  9 04:52:00 AM UTC 2026 ===
2, 55118 MiB, 42131 MiB, 97887 MiB
3, 55098 MiB, 42151 MiB, 97887 MiB
               total        used        free      shared  buff/cache   available
Mem:           755Gi       269Gi       279Gi       146Mi       213Gi       486Gi
Swap:          8.0Gi       1.8Gi       6.2Gi
=== Thu Apr  9 04:52:11 AM UTC 2026 ===
2, 60916 MiB, 36333 MiB, 97887 MiB
3, 60034 MiB, 37215 MiB, 97887 MiB
               total        used        free      shared  buff/cache   available
Mem:           755Gi       269Gi       279Gi       146Mi       213Gi       486Gi
Swap:          8.0Gi       1.8Gi       6.2Gi
=== Thu Apr  9 04:52:22 AM UTC 2026 ===
2, 64914 MiB, 32335 MiB, 97887 MiB
3, 64948 MiB, 32301 MiB, 97887 MiB
               total        used        free      shared  buff/cache   available
Mem:           755Gi       269Gi       279Gi       146Mi       213Gi       486Gi
Swap:          8.0Gi       1.8Gi       6.2Gi
=== Thu Apr  9 04:52:32 AM UTC 2026 ===
2, 67798 MiB, 29451 MiB, 97887 MiB
3, 67772 MiB, 29477 MiB, 97887 MiB
               total        used        free      shared  buff/cache   available
Mem:           755Gi       269Gi       279Gi       146Mi       213Gi       486Gi
Swap:          8.0Gi       1.8Gi       6.2Gi
=== Thu Apr  9 04:52:43 AM UTC 2026 ===
2, 63936 MiB, 33313 MiB, 97887 MiB
3, 63110 MiB, 34139 MiB, 97887 MiB
               total        used        free      shared  buff/cache   available
Mem:           755Gi       269Gi       279Gi       146Mi       213Gi       486Gi
Swap:          8.0Gi       1.8Gi       6.2Gi
=== Thu Apr  9 04:52:54 AM UTC 2026 ===
2, 60728 MiB, 36521 MiB, 97887 MiB
3, 60786 MiB, 36463 MiB, 97887 MiB
               total        used        free      shared  buff/cache   available
Mem:           755Gi       269Gi       279Gi       146Mi       213Gi       486Gi
Swap:          8.0Gi       1.8Gi       6.2Gi
=== Thu Apr  9 04:53:04 AM UTC 2026 ===
2, 61368 MiB, 35881 MiB, 97887 MiB
3, 60940 MiB, 36309 MiB, 97887 MiB
               total        used        free      shared  buff/cache   available
Mem:           755Gi       269Gi       279Gi       146Mi       213Gi       486Gi
Swap:          8.0Gi       1.8Gi       6.2Gi
=== Thu Apr  9 04:53:15 AM UTC 2026 ===
2, 62914 MiB, 34335 MiB, 97887 MiB
3, 62492 MiB, 34757 MiB, 97887 MiB
               total        used        free      shared  buff/cache   available
Mem:           755Gi       269Gi       279Gi       146Mi       213Gi       486Gi
Swap:          8.0Gi       1.8Gi       6.2Gi
=== Thu Apr  9 04:53:26 AM UTC 2026 ===
2, 68214 MiB, 29035 MiB, 97887 MiB
3, 67652 MiB, 29597 MiB, 97887 MiB
               total        used        free      shared  buff/cache   available
Mem:           755Gi       269Gi       279Gi       146Mi       213Gi       486Gi
Swap:          8.0Gi       1.8Gi       6.2Gi
=== Thu Apr  9 04:53:36 AM UTC 2026 ===
2, 66374 MiB, 30875 MiB, 97887 MiB
3, 66314 MiB, 30935 MiB, 97887 MiB
               total        used        free      shared  buff/cache   available
Mem:           755Gi       269Gi       279Gi       146Mi       213Gi       486Gi
Swap:          8.0Gi       1.8Gi       6.2Gi
=== Thu Apr  9 04:53:47 AM UTC 2026 ===
2, 60814 MiB, 36435 MiB, 97887 MiB
3, 60632 MiB, 36617 MiB, 97887 MiB
               total        used        free      shared  buff/cache   available
Mem:           755Gi       269Gi       279Gi       146Mi       213Gi       486Gi
Swap:          8.0Gi       1.8Gi       6.2Gi
=== Thu Apr  9 04:53:58 AM UTC 2026 ===
2, 60732 MiB, 36517 MiB, 97887 MiB
3, 60788 MiB, 36461 MiB, 97887 MiB
               total        used        free      shared  buff/cache   available
Mem:           755Gi       269Gi       279Gi       146Mi       213Gi       486Gi
Swap:          8.0Gi       1.8Gi       6.2Gi
=== Thu Apr  9 04:54:08 AM UTC 2026 ===
2, 60536 MiB, 36713 MiB, 97887 MiB
3, 60774 MiB, 36475 MiB, 97887 MiB
               total        used        free      shared  buff/cache   available
Mem:           755Gi       269Gi       279Gi       146Mi       213Gi       486Gi
Swap:          8.0Gi       1.8Gi       6.2Gi
=== Thu Apr  9 04:54:19 AM UTC 2026 ===
2, 63936 MiB, 33313 MiB, 97887 MiB
3, 64132 MiB, 33117 MiB, 97887 MiB
               total        used        free      shared  buff/cache   available
Mem:           755Gi       269Gi       279Gi       146Mi       213Gi       486Gi
Swap:          8.0Gi       1.8Gi       6.2Gi
=== Thu Apr  9 04:54:30 AM UTC 2026 ===
2, 68170 MiB, 29079 MiB, 97887 MiB
3, 67614 MiB, 29635 MiB, 97887 MiB
               total        used        free      shared  buff/cache   available
Mem:           755Gi       269Gi       279Gi       146Mi       213Gi       486Gi
Swap:          8.0Gi       1.8Gi       6.2Gi
=== Thu Apr  9 04:54:40 AM UTC 2026 ===
2, 69714 MiB, 27535 MiB, 97887 MiB
3, 69832 MiB, 27417 MiB, 97887 MiB
               total        used        free      shared  buff/cache   available
Mem:           755Gi       269Gi       279Gi       146Mi       213Gi       486Gi
Swap:          8.0Gi       1.8Gi       6.2Gi
=== Thu Apr  9 04:54:51 AM UTC 2026 ===
2, 64174 MiB, 33075 MiB, 97887 MiB
3, 64472 MiB, 32777 MiB, 97887 MiB
               total        used        free      shared  buff/cache   available
Mem:           755Gi       269Gi       279Gi       146Mi       213Gi       486Gi
Swap:          8.0Gi       1.8Gi       6.2Gi
=== Thu Apr  9 04:55:01 AM UTC 2026 ===
2, 60704 MiB, 36545 MiB, 97887 MiB
3, 60762 MiB, 36487 MiB, 97887 MiB
               total        used        free      shared  buff/cache   available
Mem:           755Gi       269Gi       279Gi       146Mi       213Gi       486Gi
Swap:          8.0Gi       1.8Gi       6.2Gi
=== Thu Apr  9 04:55:12 AM UTC 2026 ===
2, 61294 MiB, 35955 MiB, 97887 MiB
3, 60894 MiB, 36355 MiB, 97887 MiB
               total        used        free      shared  buff/cache   available
Mem:           755Gi       269Gi       279Gi       146Mi       213Gi       486Gi
Swap:          8.0Gi       1.8Gi       6.2Gi
=== Thu Apr  9 04:55:22 AM UTC 2026 ===
2, 61814 MiB, 35435 MiB, 97887 MiB
3, 61592 MiB, 35657 MiB, 97887 MiB
               total        used        free      shared  buff/cache   available
Mem:           755Gi       269Gi       279Gi       146Mi       213Gi       486Gi
Swap:          8.0Gi       1.8Gi       6.2Gi
=== Thu Apr  9 04:55:33 AM UTC 2026 ===
2, 68376 MiB, 28873 MiB, 97887 MiB
3, 68312 MiB, 28937 MiB, 97887 MiB
               total        used        free      shared  buff/cache   available
Mem:           755Gi       269Gi       279Gi       146Mi       213Gi       486Gi
Swap:          8.0Gi       1.8Gi       6.2Gi
=== Thu Apr  9 04:55:44 AM UTC 2026 ===
2, 70054 MiB, 27195 MiB, 97887 MiB
3, 70112 MiB, 27137 MiB, 97887 MiB
               total        used        free      shared  buff/cache   available
Mem:           755Gi       269Gi       279Gi       146Mi       213Gi       486Gi
Swap:          8.0Gi       1.8Gi       6.2Gi
=== Thu Apr  9 04:55:55 AM UTC 2026 ===
2, 60706 MiB, 36543 MiB, 97887 MiB
3, 60762 MiB, 36487 MiB, 97887 MiB
               total        used        free      shared  buff/cache   available
Mem:           755Gi       269Gi       279Gi       146Mi       213Gi       486Gi
Swap:          8.0Gi       1.8Gi       6.2Gi
=== Thu Apr  9 04:56:05 AM UTC 2026 ===
2, 65854 MiB, 31395 MiB, 97887 MiB
3, 67472 MiB, 29777 MiB, 97887 MiB
               total        used        free      shared  buff/cache   available
Mem:           755Gi       280Gi       267Gi       146Mi       213Gi       474Gi
Swap:          8.0Gi       1.8Gi       6.2Gi
=== Thu Apr  9 04:56:16 AM UTC 2026 ===
2, 60738 MiB, 36511 MiB, 97887 MiB
3, 60800 MiB, 36449 MiB, 97887 MiB
               total        used        free      shared  buff/cache   available
Mem:           755Gi       352Gi       196Gi       146Mi       213Gi       403Gi
Swap:          8.0Gi       1.8Gi       6.2Gi
=== Thu Apr  9 04:56:26 AM UTC 2026 ===
2, 68214 MiB, 29035 MiB, 97887 MiB
3, 70292 MiB, 26957 MiB, 97887 MiB
               total        used        free      shared  buff/cache   available
Mem:           755Gi       454Gi        94Gi       146Mi       213Gi       301Gi
Swap:          8.0Gi       1.8Gi       6.2Gi
=== Thu Apr  9 04:56:37 AM UTC 2026 ===
2, 65694 MiB, 31555 MiB, 97887 MiB
3, 69252 MiB, 27997 MiB, 97887 MiB
               total        used        free      shared  buff/cache   available
Mem:           755Gi       381Gi       167Gi       146Mi       213Gi       374Gi
Swap:          8.0Gi       1.8Gi       6.2Gi
=== Thu Apr  9 04:56:47 AM UTC 2026 ===
2, 56632 MiB, 40617 MiB, 97887 MiB
3, 55562 MiB, 41687 MiB, 97887 MiB
               total        used        free      shared  buff/cache   available
Mem:           755Gi       440Gi       108Gi       146Mi       213Gi       315Gi
Swap:          8.0Gi       1.8Gi       6.2Gi
=== Thu Apr  9 04:56:58 AM UTC 2026 ===
2, 60782 MiB, 36467 MiB, 97887 MiB
3, 60056 MiB, 37193 MiB, 97887 MiB
               total        used        free      shared  buff/cache   available
Mem:           755Gi       542Gi       6.5Gi       146Mi       213Gi       213Gi
Swap:          8.0Gi       1.8Gi       6.2Gi
=== Thu Apr  9 04:57:08 AM UTC 2026 ===
2, 70092 MiB, 27157 MiB, 97887 MiB
3, 69374 MiB, 27875 MiB, 97887 MiB
               total        used        free      shared  buff/cache   available
Mem:           755Gi       615Gi       3.4Gi       146Mi       144Gi       139Gi
Swap:          8.0Gi       6.6Gi       1.4Gi
=== Thu Apr  9 04:57:20 AM UTC 2026 ===
2, 69016 MiB, 28233 MiB, 97887 MiB
3, 67814 MiB, 29435 MiB, 97887 MiB
               total        used        free      shared  buff/cache   available
Mem:           755Gi       590Gi        83Gi       145Mi        88Gi       164Gi
Swap:          8.0Gi       8.0Gi       1.1Mi
=== Thu Apr  9 04:57:31 AM UTC 2026 ===
2, 60760 MiB, 36489 MiB, 97887 MiB
3, 60804 MiB, 36445 MiB, 97887 MiB
               total        used        free      shared  buff/cache   available
Mem:           755Gi       265Gi       408Gi       145Mi        88Gi       489Gi
Swap:          8.0Gi       6.6Gi       1.4Gi
=== Thu Apr  9 04:57:42 AM UTC 2026 ===
2, 69150 MiB, 28099 MiB, 97887 MiB
3, 68226 MiB, 29023 MiB, 97887 MiB
               total        used        free      shared  buff/cache   available
Mem:           755Gi       265Gi       408Gi       145Mi        88Gi       490Gi
Swap:          8.0Gi       6.6Gi       1.4Gi
=== Thu Apr  9 04:57:52 AM UTC 2026 ===
2, 64236 MiB, 33013 MiB, 97887 MiB
3, 63316 MiB, 33933 MiB, 97887 MiB
               total        used        free      shared  buff/cache   available
Mem:           755Gi       265Gi       408Gi       145Mi        88Gi       490Gi
Swap:          8.0Gi       6.6Gi       1.4Gi
=== Thu Apr  9 04:58:03 AM UTC 2026 ===
2, 61344 MiB, 35905 MiB, 97887 MiB
3, 60822 MiB, 36427 MiB, 97887 MiB
               total        used        free      shared  buff/cache   available
Mem:           755Gi       265Gi       408Gi       145Mi        88Gi       490Gi
Swap:          8.0Gi       6.6Gi       1.4Gi
=== Thu Apr  9 04:58:13 AM UTC 2026 ===
2, 68160 MiB, 29089 MiB, 97887 MiB
3, 68334 MiB, 28915 MiB, 97887 MiB
               total        used        free      shared  buff/cache   available
Mem:           755Gi       265Gi       408Gi       145Mi        88Gi       490Gi
Swap:          8.0Gi       6.6Gi       1.4Gi
=== Thu Apr  9 04:58:24 AM UTC 2026 ===
2, 60726 MiB, 36523 MiB, 97887 MiB
3, 60780 MiB, 36469 MiB, 97887 MiB
               total        used        free      shared  buff/cache   available
Mem:           755Gi       265Gi       408Gi       145Mi        89Gi       489Gi
Swap:          8.0Gi       6.6Gi       1.4Gi
=== Thu Apr  9 04:58:35 AM UTC 2026 ===
2, 61446 MiB, 35803 MiB, 97887 MiB
3, 61822 MiB, 35427 MiB, 97887 MiB
               total        used        free      shared  buff/cache   available
Mem:           755Gi       265Gi       408Gi       145Mi        89Gi       489Gi
Swap:          8.0Gi       6.6Gi       1.4Gi
=== Thu Apr  9 04:58:45 AM UTC 2026 ===
2, 70214 MiB, 27035 MiB, 97887 MiB
3, 69344 MiB, 27905 MiB, 97887 MiB
               total        used        free      shared  buff/cache   available
Mem:           755Gi       265Gi       408Gi       145Mi        89Gi       489Gi
Swap:          8.0Gi       6.6Gi       1.4Gi
=== Thu Apr  9 04:58:55 AM UTC 2026 ===
2, 60756 MiB, 36493 MiB, 97887 MiB
3, 60796 MiB, 36453 MiB, 97887 MiB
               total        used        free      shared  buff/cache   available
Mem:           755Gi       265Gi       408Gi       145Mi        89Gi       489Gi
Swap:          8.0Gi       6.6Gi       1.4Gi
=== Thu Apr  9 04:59:06 AM UTC 2026 ===
2, 63056 MiB, 34193 MiB, 97887 MiB
3, 62974 MiB, 34275 MiB, 97887 MiB
               total        used        free      shared  buff/cache   available
Mem:           755Gi       265Gi       408Gi       145Mi        89Gi       490Gi
Swap:          8.0Gi       6.6Gi       1.4Gi
=== Thu Apr  9 04:59:16 AM UTC 2026 ===
2, 62674 MiB, 34575 MiB, 97887 MiB
3, 61494 MiB, 35755 MiB, 97887 MiB
               total        used        free      shared  buff/cache   available
Mem:           755Gi       265Gi       408Gi       145Mi        89Gi       489Gi
Swap:          8.0Gi       6.6Gi       1.4Gi
=== Thu Apr  9 04:59:27 AM UTC 2026 ===
2, 61130 MiB, 36119 MiB, 97887 MiB
3, 61210 MiB, 36039 MiB, 97887 MiB
               total        used        free      shared  buff/cache   available
Mem:           755Gi       265Gi       408Gi       145Mi        89Gi       489Gi
Swap:          8.0Gi       6.6Gi       1.4Gi
=== Thu Apr  9 04:59:37 AM UTC 2026 ===
2, 66700 MiB, 30549 MiB, 97887 MiB
3, 65594 MiB, 31655 MiB, 97887 MiB
               total        used        free      shared  buff/cache   available
Mem:           755Gi       265Gi       408Gi       145Mi        89Gi       490Gi
Swap:          8.0Gi       6.6Gi       1.4Gi
=== Thu Apr  9 04:59:48 AM UTC 2026 ===
2, 60770 MiB, 36479 MiB, 97887 MiB
3, 60044 MiB, 37205 MiB, 97887 MiB
               total        used        free      shared  buff/cache   available
Mem:           755Gi       265Gi       408Gi       145Mi        89Gi       489Gi
Swap:          8.0Gi       6.6Gi       1.4Gi
=== Thu Apr  9 04:59:58 AM UTC 2026 ===
2, 68854 MiB, 28395 MiB, 97887 MiB
3, 68174 MiB, 29075 MiB, 97887 MiB
               total        used        free      shared  buff/cache   available
Mem:           755Gi       265Gi       408Gi       145Mi        89Gi       490Gi
Swap:          8.0Gi       6.6Gi       1.4Gi
=== Thu Apr  9 05:00:09 AM UTC 2026 ===
2, 60746 MiB, 36503 MiB, 97887 MiB
3, 60788 MiB, 36461 MiB, 97887 MiB
               total        used        free      shared  buff/cache   available
Mem:           755Gi       265Gi       408Gi       145Mi        89Gi       489Gi
Swap:          8.0Gi       6.6Gi       1.4Gi
=== Thu Apr  9 05:00:19 AM UTC 2026 ===
2, 62914 MiB, 34335 MiB, 97887 MiB
3, 62596 MiB, 34653 MiB, 97887 MiB
               total        used        free      shared  buff/cache   available
Mem:           755Gi       265Gi       408Gi       145Mi        89Gi       489Gi
Swap:          8.0Gi       6.6Gi       1.4Gi
=== Thu Apr  9 05:00:30 AM UTC 2026 ===
2, 63686 MiB, 33563 MiB, 97887 MiB
3, 62872 MiB, 34377 MiB, 97887 MiB
               total        used        free      shared  buff/cache   available
Mem:           755Gi       265Gi       408Gi       145Mi        89Gi       489Gi
Swap:          8.0Gi       6.6Gi       1.4Gi
=== Thu Apr  9 05:00:41 AM UTC 2026 ===
2, 61392 MiB, 35857 MiB, 97887 MiB
3, 60408 MiB, 36841 MiB, 97887 MiB
               total        used        free      shared  buff/cache   available
Mem:           755Gi       265Gi       408Gi       145Mi        89Gi       489Gi
Swap:          8.0Gi       6.6Gi       1.4Gi
=== Thu Apr  9 05:00:51 AM UTC 2026 ===
2, 55720 MiB, 41529 MiB, 97887 MiB
3, 54500 MiB, 42749 MiB, 97887 MiB
               total        used        free      shared  buff/cache   available
Mem:           755Gi       265Gi       408Gi       145Mi        89Gi       489Gi
Swap:          8.0Gi       6.6Gi       1.4Gi
=== Thu Apr  9 05:01:02 AM UTC 2026 ===
2, 69026 MiB, 28223 MiB, 97887 MiB
3, 68994 MiB, 28255 MiB, 97887 MiB
               total        used        free      shared  buff/cache   available
Mem:           755Gi       265Gi       408Gi       145Mi        89Gi       490Gi
Swap:          8.0Gi       6.6Gi       1.4Gi
=== Thu Apr  9 05:01:12 AM UTC 2026 ===
2, 60730 MiB, 36519 MiB, 97887 MiB
3, 60790 MiB, 36459 MiB, 97887 MiB
               total        used        free      shared  buff/cache   available
Mem:           755Gi       265Gi       408Gi       145Mi        89Gi       489Gi
Swap:          8.0Gi       6.6Gi       1.4Gi
=== Thu Apr  9 05:01:22 AM UTC 2026 ===
2, 61450 MiB, 35799 MiB, 97887 MiB
3, 61732 MiB, 35517 MiB, 97887 MiB
               total        used        free      shared  buff/cache   available
Mem:           755Gi       265Gi       408Gi       145Mi        89Gi       490Gi
Swap:          8.0Gi       6.6Gi       1.4Gi
=== Thu Apr  9 05:01:33 AM UTC 2026 ===
2, 65740 MiB, 31509 MiB, 97887 MiB
3, 66016 MiB, 31233 MiB, 97887 MiB
               total        used        free      shared  buff/cache   available
Mem:           755Gi       265Gi       408Gi       145Mi        89Gi       490Gi
Swap:          8.0Gi       6.6Gi       1.4Gi
=== Thu Apr  9 05:01:43 AM UTC 2026 ===
2, 63638 MiB, 33611 MiB, 97887 MiB
3, 63874 MiB, 33375 MiB, 97887 MiB
               total        used        free      shared  buff/cache   available
Mem:           755Gi       264Gi       408Gi       145Mi        89Gi       490Gi
Swap:          8.0Gi       6.6Gi       1.4Gi
=== Thu Apr  9 05:01:54 AM UTC 2026 ===
2, 60000 MiB, 37249 MiB, 97887 MiB
3, 60886 MiB, 36363 MiB, 97887 MiB
               total        used        free      shared  buff/cache   available
Mem:           755Gi       264Gi       409Gi       145Mi        89Gi       490Gi
Swap:          8.0Gi       6.6Gi       1.4Gi
=== Thu Apr  9 05:02:04 AM UTC 2026 ===
2, 65810 MiB, 31439 MiB, 97887 MiB
3, 67392 MiB, 29857 MiB, 97887 MiB
               total        used        free      shared  buff/cache   available
Mem:           755Gi       264Gi       409Gi       145Mi        89Gi       490Gi
Swap:          8.0Gi       6.6Gi       1.4Gi
=== Thu Apr  9 05:02:15 AM UTC 2026 ===
2, 63574 MiB, 33675 MiB, 97887 MiB
3, 63696 MiB, 33553 MiB, 97887 MiB
               total        used        free      shared  buff/cache   available
Mem:           755Gi       264Gi       409Gi       145Mi        89Gi       490Gi
Swap:          8.0Gi       6.6Gi       1.4Gi
=== Thu Apr  9 05:02:26 AM UTC 2026 ===
2, 60938 MiB, 36311 MiB, 97887 MiB
3, 60954 MiB, 36295 MiB, 97887 MiB
               total        used        free      shared  buff/cache   available
Mem:           755Gi       264Gi       409Gi       145Mi        89Gi       490Gi
Swap:          8.0Gi       6.6Gi       1.4Gi
=== Thu Apr  9 05:02:36 AM UTC 2026 ===
2, 60446 MiB, 36803 MiB, 97887 MiB
3, 60812 MiB, 36437 MiB, 97887 MiB
               total        used        free      shared  buff/cache   available
Mem:           755Gi       264Gi       409Gi       145Mi        89Gi       490Gi
Swap:          8.0Gi       6.6Gi       1.4Gi
=== Thu Apr  9 05:02:47 AM UTC 2026 ===
2, 63534 MiB, 33715 MiB, 97887 MiB
3, 63034 MiB, 34215 MiB, 97887 MiB
               total        used        free      shared  buff/cache   available
Mem:           755Gi       264Gi       409Gi       145Mi        89Gi       491Gi
Swap:          8.0Gi       6.6Gi       1.4Gi
=== Thu Apr  9 05:02:58 AM UTC 2026 ===
2, 70254 MiB, 26995 MiB, 97887 MiB
3, 70252 MiB, 26997 MiB, 97887 MiB
               total        used        free      shared  buff/cache   available
Mem:           755Gi       264Gi       409Gi       145Mi        89Gi       491Gi
Swap:          8.0Gi       6.6Gi       1.4Gi
=== Thu Apr  9 05:03:08 AM UTC 2026 ===
2, 65230 MiB, 32019 MiB, 97887 MiB
3, 64888 MiB, 32361 MiB, 97887 MiB
               total        used        free      shared  buff/cache   available
Mem:           755Gi       264Gi       409Gi       145Mi        89Gi       491Gi
Swap:          8.0Gi       6.6Gi       1.4Gi
=== Thu Apr  9 05:03:19 AM UTC 2026 ===
2, 60706 MiB, 36543 MiB, 97887 MiB
3, 60758 MiB, 36491 MiB, 97887 MiB
               total        used        free      shared  buff/cache   available
Mem:           755Gi       264Gi       409Gi       145Mi        89Gi       490Gi
Swap:          8.0Gi       6.6Gi       1.4Gi
=== Thu Apr  9 05:03:29 AM UTC 2026 ===
2, 61320 MiB, 35929 MiB, 97887 MiB
3, 61574 MiB, 35675 MiB, 97887 MiB
               total        used        free      shared  buff/cache   available
Mem:           755Gi       264Gi       409Gi       145Mi        89Gi       490Gi
Swap:          8.0Gi       6.6Gi       1.4Gi
=== Thu Apr  9 05:03:40 AM UTC 2026 ===
2, 67896 MiB, 29353 MiB, 97887 MiB
3, 67422 MiB, 29827 MiB, 97887 MiB
               total        used        free      shared  buff/cache   available
Mem:           755Gi       264Gi       409Gi       145Mi        89Gi       490Gi
Swap:          8.0Gi       6.6Gi       1.4Gi
=== Thu Apr  9 05:03:51 AM UTC 2026 ===
2, 67094 MiB, 30155 MiB, 97887 MiB
3, 66874 MiB, 30375 MiB, 97887 MiB
               total        used        free      shared  buff/cache   available
Mem:           755Gi       264Gi       409Gi       145Mi        89Gi       490Gi
Swap:          8.0Gi       6.6Gi       1.4Gi
=== Thu Apr  9 05:04:01 AM UTC 2026 ===
2, 61176 MiB, 36073 MiB, 97887 MiB
3, 61532 MiB, 35717 MiB, 97887 MiB
               total        used        free      shared  buff/cache   available
Mem:           755Gi       264Gi       409Gi       145Mi        89Gi       491Gi
Swap:          8.0Gi       6.6Gi       1.4Gi
=== Thu Apr  9 05:04:12 AM UTC 2026 ===
2, 60766 MiB, 36483 MiB, 97887 MiB
3, 60176 MiB, 37073 MiB, 97887 MiB
               total        used        free      shared  buff/cache   available
Mem:           755Gi       264Gi       409Gi       145Mi        89Gi       490Gi
Swap:          8.0Gi       6.6Gi       1.4Gi
=== Thu Apr  9 05:04:23 AM UTC 2026 ===
2, 60604 MiB, 36645 MiB, 97887 MiB
3, 60716 MiB, 36533 MiB, 97887 MiB
               total        used        free      shared  buff/cache   available
Mem:           755Gi       264Gi       409Gi       145Mi        89Gi       490Gi
Swap:          8.0Gi       6.6Gi       1.4Gi
=== Thu Apr  9 05:04:33 AM UTC 2026 ===
2, 70014 MiB, 27235 MiB, 97887 MiB
3, 69974 MiB, 27275 MiB, 97887 MiB
               total        used        free      shared  buff/cache   available
Mem:           755Gi       264Gi       409Gi       145Mi        89Gi       490Gi
Swap:          8.0Gi       6.5Gi       1.5Gi
=== Thu Apr  9 05:04:44 AM UTC 2026 ===
2, 62014 MiB, 35235 MiB, 97887 MiB
3, 62394 MiB, 34855 MiB, 97887 MiB
               total        used        free      shared  buff/cache   available
Mem:           755Gi       264Gi       409Gi       145Mi        89Gi       490Gi
Swap:          8.0Gi       6.5Gi       1.5Gi
=== Thu Apr  9 05:04:55 AM UTC 2026 ===
2, 63400 MiB, 33849 MiB, 97887 MiB
3, 63354 MiB, 33895 MiB, 97887 MiB
               total        used        free      shared  buff/cache   available
Mem:           755Gi       264Gi       409Gi       145Mi        89Gi       490Gi
Swap:          8.0Gi       6.5Gi       1.5Gi
=== Thu Apr  9 05:05:05 AM UTC 2026 ===
2, 59994 MiB, 37255 MiB, 97887 MiB
3, 60840 MiB, 36409 MiB, 97887 MiB
               total        used        free      shared  buff/cache   available
Mem:           755Gi       264Gi       409Gi       145Mi        89Gi       490Gi
Swap:          8.0Gi       6.5Gi       1.5Gi
=== Thu Apr  9 05:05:16 AM UTC 2026 ===
2, 61290 MiB, 35959 MiB, 97887 MiB
3, 61290 MiB, 35959 MiB, 97887 MiB
               total        used        free      shared  buff/cache   available
Mem:           755Gi       264Gi       409Gi       145Mi        89Gi       490Gi
Swap:          8.0Gi       6.5Gi       1.5Gi
=== Thu Apr  9 05:05:26 AM UTC 2026 ===
2, 55120 MiB, 42129 MiB, 97887 MiB
3, 55320 MiB, 41929 MiB, 97887 MiB
               total        used        free      shared  buff/cache   available
Mem:           755Gi       264Gi       409Gi       145Mi        89Gi       490Gi
Swap:          8.0Gi       6.5Gi       1.5Gi
=== Thu Apr  9 05:05:37 AM UTC 2026 ===
2, 67494 MiB, 29755 MiB, 97887 MiB
3, 67596 MiB, 29653 MiB, 97887 MiB
               total        used        free      shared  buff/cache   available
Mem:           755Gi       264Gi       409Gi       145Mi        89Gi       490Gi
Swap:          8.0Gi       6.5Gi       1.5Gi
=== Thu Apr  9 05:05:48 AM UTC 2026 ===
2, 60734 MiB, 36515 MiB, 97887 MiB
3, 60814 MiB, 36435 MiB, 97887 MiB
               total        used        free      shared  buff/cache   available
Mem:           755Gi       264Gi       409Gi       145Mi        89Gi       490Gi
Swap:          8.0Gi       6.5Gi       1.5Gi
=== Thu Apr  9 05:05:58 AM UTC 2026 ===
2, 60746 MiB, 36503 MiB, 97887 MiB
3, 60804 MiB, 36445 MiB, 97887 MiB
               total        used        free      shared  buff/cache   available
Mem:           755Gi       264Gi       409Gi       145Mi        89Gi       490Gi
Swap:          8.0Gi       6.5Gi       1.5Gi
=== Thu Apr  9 05:06:09 AM UTC 2026 ===
2, 61124 MiB, 36125 MiB, 97887 MiB
3, 60968 MiB, 36281 MiB, 97887 MiB
               total        used        free      shared  buff/cache   available
Mem:           755Gi       264Gi       409Gi       145Mi        89Gi       490Gi
Swap:          8.0Gi       6.5Gi       1.5Gi
=== Thu Apr  9 05:06:20 AM UTC 2026 ===
2, 69194 MiB, 28055 MiB, 97887 MiB
3, 68174 MiB, 29075 MiB, 97887 MiB
               total        used        free      shared  buff/cache   available
Mem:           755Gi       264Gi       409Gi       145Mi        89Gi       490Gi
Swap:          8.0Gi       6.5Gi       1.5Gi
=== Thu Apr  9 05:06:31 AM UTC 2026 ===
2, 67998 MiB, 29251 MiB, 97887 MiB
3, 69274 MiB, 27975 MiB, 97887 MiB
               total        used        free      shared  buff/cache   available
Mem:           755Gi       264Gi       409Gi       145Mi        89Gi       490Gi
Swap:          8.0Gi       6.5Gi       1.5Gi
=== Thu Apr  9 05:06:41 AM UTC 2026 ===
2, 68680 MiB, 28569 MiB, 97887 MiB
3, 69028 MiB, 28221 MiB, 97887 MiB
               total        used        free      shared  buff/cache   available
Mem:           755Gi       264Gi       408Gi       145Mi        89Gi       490Gi
Swap:          8.0Gi       6.3Gi       1.7Gi
=== Thu Apr  9 05:06:52 AM UTC 2026 ===
2, 63236 MiB, 34013 MiB, 97887 MiB
3, 64236 MiB, 33013 MiB, 97887 MiB
               total        used        free      shared  buff/cache   available
Mem:           755Gi       264Gi       409Gi       145Mi        89Gi       490Gi
Swap:          8.0Gi       6.3Gi       1.7Gi
=== Thu Apr  9 05:07:03 AM UTC 2026 ===
2, 60024 MiB, 37225 MiB, 97887 MiB
3, 60320 MiB, 36929 MiB, 97887 MiB
               total        used        free      shared  buff/cache   available
Mem:           755Gi       264Gi       408Gi       145Mi        89Gi       490Gi
Swap:          8.0Gi       6.3Gi       1.7Gi
=== Thu Apr  9 05:07:14 AM UTC 2026 ===
2, 64976 MiB, 32273 MiB, 97887 MiB
3, 67432 MiB, 29817 MiB, 97887 MiB
               total        used        free      shared  buff/cache   available
Mem:           755Gi       264Gi       409Gi       145Mi        89Gi       490Gi
Swap:          8.0Gi       6.3Gi       1.7Gi
=== Thu Apr  9 05:07:24 AM UTC 2026 ===
2, 68396 MiB, 28853 MiB, 97887 MiB
3, 68334 MiB, 28915 MiB, 97887 MiB
               total        used        free      shared  buff/cache   available
Mem:           755Gi       264Gi       409Gi       145Mi        89Gi       490Gi
Swap:          8.0Gi       6.3Gi       1.7Gi
=== Thu Apr  9 05:07:35 AM UTC 2026 ===
2, 67254 MiB, 29995 MiB, 97887 MiB
3, 67034 MiB, 30215 MiB, 97887 MiB
               total        used        free      shared  buff/cache   available
Mem:           755Gi       264Gi       409Gi       145Mi        89Gi       490Gi
Swap:          8.0Gi       6.3Gi       1.7Gi
=== Thu Apr  9 05:07:46 AM UTC 2026 ===
2, 59936 MiB, 37313 MiB, 97887 MiB
3, 59996 MiB, 37253 MiB, 97887 MiB
               total        used        free      shared  buff/cache   available
Mem:           755Gi       264Gi       409Gi       145Mi        89Gi       490Gi
Swap:          8.0Gi       6.3Gi       1.7Gi
=== Thu Apr  9 05:07:56 AM UTC 2026 ===
2, 60032 MiB, 37217 MiB, 97887 MiB
3, 60886 MiB, 36363 MiB, 97887 MiB
               total        used        free      shared  buff/cache   available
Mem:           755Gi       264Gi       409Gi       145Mi        89Gi       490Gi
Swap:          8.0Gi       6.3Gi       1.7Gi
=== Thu Apr  9 05:08:07 AM UTC 2026 ===
2, 60746 MiB, 36503 MiB, 97887 MiB
3, 60786 MiB, 36463 MiB, 97887 MiB
               total        used        free      shared  buff/cache   available
Mem:           755Gi       264Gi       409Gi       145Mi        89Gi       490Gi
Swap:          8.0Gi       6.3Gi       1.7Gi
=== Thu Apr  9 05:08:17 AM UTC 2026 ===
2, 61402 MiB, 35847 MiB, 97887 MiB
3, 61152 MiB, 36097 MiB, 97887 MiB
               total        used        free      shared  buff/cache   available
Mem:           755Gi       264Gi       409Gi       145Mi        89Gi       490Gi
Swap:          8.0Gi       6.3Gi       1.7Gi
=== Thu Apr  9 05:08:28 AM UTC 2026 ===
2, 60604 MiB, 36645 MiB, 97887 MiB
3, 60726 MiB, 36523 MiB, 97887 MiB
               total        used        free      shared  buff/cache   available
Mem:           755Gi       264Gi       409Gi       145Mi        89Gi       490Gi
Swap:          8.0Gi       6.3Gi       1.7Gi
=== Thu Apr  9 05:08:39 AM UTC 2026 ===
2, 68174 MiB, 29075 MiB, 97887 MiB
3, 67534 MiB, 29715 MiB, 97887 MiB
               total        used        free      shared  buff/cache   available
Mem:           755Gi       264Gi       409Gi       145Mi        89Gi       490Gi
Swap:          8.0Gi       6.3Gi       1.7Gi
=== Thu Apr  9 05:08:49 AM UTC 2026 ===
2, 68474 MiB, 28775 MiB, 97887 MiB
3, 68734 MiB, 28515 MiB, 97887 MiB
               total        used        free      shared  buff/cache   available
Mem:           755Gi       265Gi       408Gi       145Mi        89Gi       490Gi
Swap:          8.0Gi       6.3Gi       1.7Gi
=== Thu Apr  9 05:09:00 AM UTC 2026 ===
2, 61784 MiB, 35465 MiB, 97887 MiB
3, 62038 MiB, 35211 MiB, 97887 MiB
               total        used        free      shared  buff/cache   available
Mem:           755Gi       266Gi       406Gi       146Mi        89Gi       489Gi
Swap:          8.0Gi       6.3Gi       1.7Gi
=== Thu Apr  9 05:09:11 AM UTC 2026 ===
2, 60058 MiB, 37191 MiB, 97887 MiB
3, 61426 MiB, 35823 MiB, 97887 MiB
               total        used        free      shared  buff/cache   available
Mem:           755Gi       268Gi       404Gi       146Mi        90Gi       487Gi
Swap:          8.0Gi       6.3Gi       1.7Gi
=== Thu Apr  9 05:09:21 AM UTC 2026 ===
2, 60512 MiB, 36737 MiB, 97887 MiB
3, 60496 MiB, 36753 MiB, 97887 MiB
               total        used        free      shared  buff/cache   available
Mem:           755Gi       268Gi       404Gi       146Mi        90Gi       487Gi
Swap:          8.0Gi       6.3Gi       1.7Gi
=== Thu Apr  9 05:09:32 AM UTC 2026 ===
2, 70194 MiB, 27055 MiB, 97887 MiB
3, 70334 MiB, 26915 MiB, 97887 MiB
               total        used        free      shared  buff/cache   available
Mem:           755Gi       267Gi       405Gi       146Mi        90Gi       487Gi
Swap:          8.0Gi       6.3Gi       1.7Gi
=== Thu Apr  9 05:09:42 AM UTC 2026 ===
2, 63836 MiB, 33413 MiB, 97887 MiB
3, 64014 MiB, 33235 MiB, 97887 MiB
               total        used        free      shared  buff/cache   available
Mem:           755Gi       267Gi       405Gi       146Mi        90Gi       488Gi
Swap:          8.0Gi       6.3Gi       1.7Gi
=== Thu Apr  9 05:09:53 AM UTC 2026 ===
2, 60704 MiB, 36545 MiB, 97887 MiB
3, 60764 MiB, 36485 MiB, 97887 MiB
               total        used        free      shared  buff/cache   available
Mem:           755Gi       267Gi       405Gi       146Mi        90Gi       488Gi
Swap:          8.0Gi       6.3Gi       1.7Gi
=== Thu Apr  9 05:10:04 AM UTC 2026 ===
2, 61318 MiB, 35931 MiB, 97887 MiB
3, 60836 MiB, 36413 MiB, 97887 MiB
               total        used        free      shared  buff/cache   available
Mem:           755Gi       266Gi       405Gi       146Mi        90Gi       488Gi
Swap:          8.0Gi       6.3Gi       1.7Gi
=== Thu Apr  9 05:10:14 AM UTC 2026 ===
2, 54340 MiB, 42909 MiB, 97887 MiB
3, 54318 MiB, 42931 MiB, 97887 MiB
               total        used        free      shared  buff/cache   available
Mem:           755Gi       266Gi       405Gi       146Mi        90Gi       488Gi
Swap:          8.0Gi       6.3Gi       1.7Gi
=== Thu Apr  9 05:10:25 AM UTC 2026 ===
2, 68234 MiB, 29015 MiB, 97887 MiB
3, 69414 MiB, 27835 MiB, 97887 MiB
               total        used        free      shared  buff/cache   available
Mem:           755Gi       266Gi       405Gi       146Mi        90Gi       488Gi
Swap:          8.0Gi       6.3Gi       1.7Gi
=== Thu Apr  9 05:10:35 AM UTC 2026 ===
2, 66534 MiB, 30715 MiB, 97887 MiB
3, 66814 MiB, 30435 MiB, 97887 MiB
               total        used        free      shared  buff/cache   available
Mem:           755Gi       266Gi       405Gi       146Mi        90Gi       488Gi
Swap:          8.0Gi       6.3Gi       1.7Gi
=== Thu Apr  9 05:10:46 AM UTC 2026 ===
2, 59936 MiB, 37313 MiB, 97887 MiB
3, 59976 MiB, 37273 MiB, 97887 MiB
               total        used        free      shared  buff/cache   available
Mem:           755Gi       266Gi       405Gi       146Mi        90Gi       488Gi
Swap:          8.0Gi       6.2Gi       1.8Gi
=== Thu Apr  9 05:10:57 AM UTC 2026 ===
2, 60752 MiB, 36497 MiB, 97887 MiB
3, 60808 MiB, 36441 MiB, 97887 MiB
               total        used        free      shared  buff/cache   available
Mem:           755Gi       266Gi       406Gi       146Mi        90Gi       488Gi
Swap:          8.0Gi       6.2Gi       1.8Gi
=== Thu Apr  9 05:11:07 AM UTC 2026 ===
2, 60706 MiB, 36543 MiB, 97887 MiB
3, 60768 MiB, 36481 MiB, 97887 MiB
               total        used        free      shared  buff/cache   available
Mem:           755Gi       266Gi       405Gi       146Mi        90Gi       488Gi
Swap:          8.0Gi       6.2Gi       1.8Gi
=== Thu Apr  9 05:11:18 AM UTC 2026 ===
2, 61394 MiB, 35855 MiB, 97887 MiB
3, 60942 MiB, 36307 MiB, 97887 MiB
               total        used        free      shared  buff/cache   available
Mem:           755Gi       266Gi       406Gi       146Mi        90Gi       488Gi
Swap:          8.0Gi       6.2Gi       1.8Gi
=== Thu Apr  9 05:11:28 AM UTC 2026 ===
2, 61252 MiB, 35997 MiB, 97887 MiB
3, 61050 MiB, 36199 MiB, 97887 MiB
               total        used        free      shared  buff/cache   available
Mem:           755Gi       266Gi       406Gi       146Mi        90Gi       488Gi
Swap:          8.0Gi       6.2Gi       1.8Gi
=== Thu Apr  9 05:11:39 AM UTC 2026 ===
2, 68214 MiB, 29035 MiB, 97887 MiB
3, 67514 MiB, 29735 MiB, 97887 MiB
               total        used        free      shared  buff/cache   available
Mem:           755Gi       267Gi       405Gi       146Mi        90Gi       488Gi
Swap:          8.0Gi       6.2Gi       1.8Gi
=== Thu Apr  9 05:11:50 AM UTC 2026 ===
2, 65484 MiB, 31765 MiB, 97887 MiB
3, 65694 MiB, 31555 MiB, 97887 MiB
               total        used        free      shared  buff/cache   available
Mem:           755Gi       267Gi       405Gi       146Mi        90Gi       488Gi
Swap:          8.0Gi       6.2Gi       1.8Gi
=== Thu Apr  9 05:12:01 AM UTC 2026 ===
2, 60704 MiB, 36545 MiB, 97887 MiB
3, 60770 MiB, 36479 MiB, 97887 MiB
               total        used        free      shared  buff/cache   available
Mem:           755Gi       267Gi       405Gi       146Mi        90Gi       488Gi
Swap:          8.0Gi       6.2Gi       1.8Gi
=== Thu Apr  9 05:12:11 AM UTC 2026 ===
2, 61556 MiB, 35693 MiB, 97887 MiB
3, 61174 MiB, 36075 MiB, 97887 MiB
               total        used        free      shared  buff/cache   available
Mem:           755Gi       267Gi       405Gi       146Mi        90Gi       488Gi
Swap:          8.0Gi       6.2Gi       1.8Gi
=== Thu Apr  9 05:12:22 AM UTC 2026 ===
2, 63844 MiB, 33405 MiB, 97887 MiB
3, 64912 MiB, 32337 MiB, 97887 MiB
               total        used        free      shared  buff/cache   available
Mem:           755Gi       267Gi       405Gi       146Mi        90Gi       488Gi
Swap:          8.0Gi       6.2Gi       1.8Gi
=== Thu Apr  9 05:12:33 AM UTC 2026 ===
2, 68214 MiB, 29035 MiB, 97887 MiB
3, 65344 MiB, 31905 MiB, 97887 MiB
               total        used        free      shared  buff/cache   available
Mem:           755Gi       267Gi       405Gi       146Mi        90Gi       488Gi
Swap:          8.0Gi       6.2Gi       1.8Gi
=== Thu Apr  9 05:12:43 AM UTC 2026 ===
2, 69294 MiB, 27955 MiB, 97887 MiB
3, 69334 MiB, 27915 MiB, 97887 MiB
               total        used        free      shared  buff/cache   available
Mem:           755Gi       267Gi       405Gi       146Mi        90Gi       488Gi
Swap:          8.0Gi       6.2Gi       1.8Gi
=== Thu Apr  9 05:12:54 AM UTC 2026 ===
2, 67194 MiB, 30055 MiB, 97887 MiB
3, 67294 MiB, 29955 MiB, 97887 MiB
               total        used        free      shared  buff/cache   available
Mem:           755Gi       267Gi       405Gi       146Mi        90Gi       488Gi
Swap:          8.0Gi       6.2Gi       1.8Gi
=== Thu Apr  9 05:13:04 AM UTC 2026 ===
2, 63284 MiB, 33965 MiB, 97887 MiB
3, 63250 MiB, 33999 MiB, 97887 MiB
               total        used        free      shared  buff/cache   available
Mem:           755Gi       267Gi       405Gi       146Mi        90Gi       487Gi
Swap:          8.0Gi       6.2Gi       1.8Gi
=== Thu Apr  9 05:13:15 AM UTC 2026 ===
2, 60044 MiB, 37205 MiB, 97887 MiB
3, 60798 MiB, 36451 MiB, 97887 MiB
               total        used        free      shared  buff/cache   available
Mem:           755Gi       267Gi       404Gi       146Mi        90Gi       487Gi
Swap:          8.0Gi       6.2Gi       1.8Gi
=== Thu Apr  9 05:13:26 AM UTC 2026 ===
2, 60738 MiB, 36511 MiB, 97887 MiB
3, 60792 MiB, 36457 MiB, 97887 MiB
               total        used        free      shared  buff/cache   available
Mem:           755Gi       267Gi       404Gi       146Mi        90Gi       487Gi
Swap:          8.0Gi       6.2Gi       1.8Gi
=== Thu Apr  9 05:13:37 AM UTC 2026 ===
2, 60458 MiB, 36791 MiB, 97887 MiB
3, 60498 MiB, 36751 MiB, 97887 MiB
               total        used        free      shared  buff/cache   available
Mem:           755Gi       267Gi       405Gi       146Mi        90Gi       488Gi
Swap:          8.0Gi       6.2Gi       1.8Gi
=== Thu Apr  9 05:13:47 AM UTC 2026 ===
2, 68174 MiB, 29075 MiB, 97887 MiB
3, 67434 MiB, 29815 MiB, 97887 MiB
               total        used        free      shared  buff/cache   available
Mem:           755Gi       266Gi       405Gi       146Mi        90Gi       488Gi
Swap:          8.0Gi       6.2Gi       1.8Gi
=== Thu Apr  9 05:13:58 AM UTC 2026 ===
2, 68316 MiB, 28933 MiB, 97887 MiB
3, 68474 MiB, 28775 MiB, 97887 MiB
               total        used        free      shared  buff/cache   available
Mem:           755Gi       266Gi       405Gi       146Mi        90Gi       488Gi
Swap:          8.0Gi       6.2Gi       1.8Gi
=== Thu Apr  9 05:14:08 AM UTC 2026 ===
2, 68524 MiB, 28725 MiB, 97887 MiB
3, 68218 MiB, 29031 MiB, 97887 MiB
               total        used        free      shared  buff/cache   available
Mem:           755Gi       266Gi       405Gi       146Mi        90Gi       488Gi
Swap:          8.0Gi       6.2Gi       1.8Gi
=== Thu Apr  9 05:14:19 AM UTC 2026 ===
2, 60074 MiB, 37175 MiB, 97887 MiB
3, 59984 MiB, 37265 MiB, 97887 MiB
               total        used        free      shared  buff/cache   available
Mem:           755Gi       266Gi       405Gi       146Mi        90Gi       488Gi
Swap:          8.0Gi       6.2Gi       1.8Gi
=== Thu Apr  9 05:14:30 AM UTC 2026 ===
2, 61376 MiB, 35873 MiB, 97887 MiB
3, 61440 MiB, 35809 MiB, 97887 MiB
               total        used        free      shared  buff/cache   available
Mem:           755Gi       266Gi       405Gi       146Mi        90Gi       488Gi
Swap:          8.0Gi       6.2Gi       1.8Gi
=== Thu Apr  9 05:14:40 AM UTC 2026 ===
2, 61554 MiB, 35695 MiB, 97887 MiB
3, 61250 MiB, 35999 MiB, 97887 MiB
               total        used        free      shared  buff/cache   available
Mem:           755Gi       266Gi       405Gi       146Mi        90Gi       488Gi
Swap:          8.0Gi       6.2Gi       1.8Gi
=== Thu Apr  9 05:14:50 AM UTC 2026 ===
2, 70030 MiB, 27219 MiB, 97887 MiB
3, 70258 MiB, 26991 MiB, 97887 MiB
               total        used        free      shared  buff/cache   available
Mem:           755Gi       266Gi       405Gi       146Mi        90Gi       488Gi
Swap:          8.0Gi       6.2Gi       1.8Gi
=== Thu Apr  9 05:15:01 AM UTC 2026 ===
2, 65634 MiB, 31615 MiB, 97887 MiB
3, 69104 MiB, 28145 MiB, 97887 MiB
               total        used        free      shared  buff/cache   available
Mem:           755Gi       266Gi       405Gi       146Mi        90Gi       488Gi
Swap:          8.0Gi       6.2Gi       1.8Gi
=== Thu Apr  9 05:15:12 AM UTC 2026 ===
2, 60728 MiB, 36521 MiB, 97887 MiB
3, 60786 MiB, 36463 MiB, 97887 MiB
               total        used        free      shared  buff/cache   available
Mem:           755Gi       267Gi       405Gi       146Mi        90Gi       488Gi
Swap:          8.0Gi       6.2Gi       1.8Gi
=== Thu Apr  9 05:15:23 AM UTC 2026 ===
2, 61416 MiB, 35833 MiB, 97887 MiB
3, 61516 MiB, 35733 MiB, 97887 MiB
               total        used        free      shared  buff/cache   available
Mem:           755Gi       267Gi       405Gi       146Mi        90Gi       488Gi
Swap:          8.0Gi       6.2Gi       1.8Gi
=== Thu Apr  9 05:15:33 AM UTC 2026 ===
2, 59998 MiB, 37251 MiB, 97887 MiB
3, 60376 MiB, 36873 MiB, 97887 MiB
               total        used        free      shared  buff/cache   available
Mem:           755Gi       266Gi       405Gi       146Mi        90Gi       488Gi
Swap:          8.0Gi       6.2Gi       1.8Gi
=== Thu Apr  9 05:15:44 AM UTC 2026 ===
2, 61296 MiB, 35953 MiB, 97887 MiB
3, 60716 MiB, 36533 MiB, 97887 MiB
               total        used        free      shared  buff/cache   available
Mem:           755Gi       266Gi       405Gi       146Mi        90Gi       488Gi
Swap:          8.0Gi       6.2Gi       1.8Gi
=== Thu Apr  9 05:15:55 AM UTC 2026 ===
2, 61536 MiB, 35713 MiB, 97887 MiB
3, 61412 MiB, 35837 MiB, 97887 MiB
               total        used        free      shared  buff/cache   available
Mem:           755Gi       266Gi       405Gi       146Mi        90Gi       488Gi
Swap:          8.0Gi       6.2Gi       1.8Gi
=== Thu Apr  9 05:16:06 AM UTC 2026 ===
2, 70214 MiB, 27035 MiB, 97887 MiB
3, 69314 MiB, 27935 MiB, 97887 MiB
               total        used        free      shared  buff/cache   available
Mem:           755Gi       266Gi       405Gi       146Mi        90Gi       488Gi
Swap:          8.0Gi       6.2Gi       1.8Gi
=== Thu Apr  9 05:16:16 AM UTC 2026 ===
2, 66624 MiB, 30625 MiB, 97887 MiB
3, 66814 MiB, 30435 MiB, 97887 MiB
               total        used        free      shared  buff/cache   available
Mem:           755Gi       266Gi       405Gi       146Mi        90Gi       488Gi
Swap:          8.0Gi       6.2Gi       1.8Gi
=== Thu Apr  9 05:16:27 AM UTC 2026 ===
2, 60594 MiB, 36655 MiB, 97887 MiB
3, 61134 MiB, 36115 MiB, 97887 MiB
               total        used        free      shared  buff/cache   available
Mem:           755Gi       266Gi       405Gi       146Mi        90Gi       488Gi
Swap:          8.0Gi       6.2Gi       1.8Gi
=== Thu Apr  9 05:16:37 AM UTC 2026 ===
2, 60742 MiB, 36507 MiB, 97887 MiB
3, 60024 MiB, 37225 MiB, 97887 MiB
               total        used        free      shared  buff/cache   available
Mem:           755Gi       266Gi       405Gi       146Mi        90Gi       488Gi
Swap:          8.0Gi       6.2Gi       1.8Gi
=== Thu Apr  9 05:16:48 AM UTC 2026 ===
2, 61148 MiB, 36101 MiB, 97887 MiB
3, 61070 MiB, 36179 MiB, 97887 MiB
               total        used        free      shared  buff/cache   available
Mem:           755Gi       266Gi       405Gi       146Mi        90Gi       488Gi
Swap:          8.0Gi       6.2Gi       1.8Gi
=== Thu Apr  9 05:16:59 AM UTC 2026 ===
2, 61494 MiB, 35755 MiB, 97887 MiB
3, 61418 MiB, 35831 MiB, 97887 MiB
               total        used        free      shared  buff/cache   available
Mem:           755Gi       267Gi       405Gi       146Mi        90Gi       488Gi
Swap:          8.0Gi       6.2Gi       1.8Gi
=== Thu Apr  9 05:17:09 AM UTC 2026 ===
2, 65056 MiB, 32193 MiB, 97887 MiB
3, 65454 MiB, 31795 MiB, 97887 MiB
               total        used        free      shared  buff/cache   available
Mem:           755Gi       267Gi       405Gi       146Mi        90Gi       488Gi
Swap:          8.0Gi       6.2Gi       1.8Gi
=== Thu Apr  9 05:17:20 AM UTC 2026 ===
2, 70174 MiB, 27075 MiB, 97887 MiB
3, 70208 MiB, 27041 MiB, 97887 MiB
               total        used        free      shared  buff/cache   available
Mem:           755Gi       267Gi       405Gi       146Mi        90Gi       488Gi
Swap:          8.0Gi       6.2Gi       1.8Gi
=== Thu Apr  9 05:17:31 AM UTC 2026 ===
2, 63254 MiB, 33995 MiB, 97887 MiB
3, 63414 MiB, 33835 MiB, 97887 MiB
               total        used        free      shared  buff/cache   available
Mem:           755Gi       267Gi       405Gi       146Mi        90Gi       488Gi
Swap:          8.0Gi       6.2Gi       1.8Gi
=== Thu Apr  9 05:17:41 AM UTC 2026 ===
2, 60714 MiB, 36535 MiB, 97887 MiB
3, 60772 MiB, 36477 MiB, 97887 MiB
               total        used        free      shared  buff/cache   available
Mem:           755Gi       267Gi       405Gi       146Mi        90Gi       488Gi
Swap:          8.0Gi       6.2Gi       1.8Gi
=== Thu Apr  9 05:17:52 AM UTC 2026 ===
2, 60728 MiB, 36521 MiB, 97887 MiB
3, 60784 MiB, 36465 MiB, 97887 MiB
               total        used        free      shared  buff/cache   available
Mem:           755Gi       267Gi       405Gi       146Mi        90Gi       488Gi
Swap:          8.0Gi       6.2Gi       1.8Gi
=== Thu Apr  9 05:18:02 AM UTC 2026 ===
2, 60804 MiB, 36445 MiB, 97887 MiB
3, 61440 MiB, 35809 MiB, 97887 MiB
               total        used        free      shared  buff/cache   available
Mem:           755Gi       267Gi       405Gi       146Mi        90Gi       488Gi
Swap:          8.0Gi       6.2Gi       1.8Gi
=== Thu Apr  9 05:18:13 AM UTC 2026 ===
2, 61376 MiB, 35873 MiB, 97887 MiB
3, 61430 MiB, 35819 MiB, 97887 MiB
               total        used        free      shared  buff/cache   available
Mem:           755Gi       267Gi       405Gi       146Mi        90Gi       488Gi
Swap:          8.0Gi       6.2Gi       1.8Gi
=== Thu Apr  9 05:18:23 AM UTC 2026 ===
2, 61534 MiB, 35715 MiB, 97887 MiB
3, 61534 MiB, 35715 MiB, 97887 MiB
               total        used        free      shared  buff/cache   available
Mem:           755Gi       267Gi       405Gi       146Mi        90Gi       488Gi
Swap:          8.0Gi       6.2Gi       1.8Gi
=== Thu Apr  9 05:18:34 AM UTC 2026 ===
2, 67416 MiB, 29833 MiB, 97887 MiB
3, 67514 MiB, 29735 MiB, 97887 MiB
               total        used        free      shared  buff/cache   available
Mem:           755Gi       267Gi       405Gi       146Mi        90Gi       488Gi
Swap:          8.0Gi       6.2Gi       1.8Gi
=== Thu Apr  9 05:18:45 AM UTC 2026 ===
2, 65034 MiB, 32215 MiB, 97887 MiB
3, 65214 MiB, 32035 MiB, 97887 MiB
               total        used        free      shared  buff/cache   available
Mem:           755Gi       267Gi       405Gi       146Mi        90Gi       488Gi
Swap:          8.0Gi       6.2Gi       1.8Gi
=== Thu Apr  9 05:18:55 AM UTC 2026 ===
2, 62174 MiB, 35075 MiB, 97887 MiB
3, 62796 MiB, 34453 MiB, 97887 MiB
               total        used        free      shared  buff/cache   available
Mem:           755Gi       267Gi       405Gi       146Mi        90Gi       488Gi
Swap:          8.0Gi       6.2Gi       1.8Gi
=== Thu Apr  9 05:19:06 AM UTC 2026 ===
2, 60974 MiB, 36275 MiB, 97887 MiB
3, 60816 MiB, 36433 MiB, 97887 MiB
               total        used        free      shared  buff/cache   available
Mem:           755Gi       267Gi       405Gi       146Mi        90Gi       488Gi
Swap:          8.0Gi       6.2Gi       1.8Gi
=== Thu Apr  9 05:19:17 AM UTC 2026 ===
2, 60738 MiB, 36511 MiB, 97887 MiB
3, 60796 MiB, 36453 MiB, 97887 MiB
               total        used        free      shared  buff/cache   available
Mem:           755Gi       267Gi       405Gi       146Mi        90Gi       488Gi
Swap:          8.0Gi       6.2Gi       1.8Gi
=== Thu Apr  9 05:19:27 AM UTC 2026 ===
2, 60766 MiB, 36483 MiB, 97887 MiB
3, 60350 MiB, 36899 MiB, 97887 MiB
               total        used        free      shared  buff/cache   available
Mem:           755Gi       267Gi       405Gi       146Mi        90Gi       488Gi
Swap:          8.0Gi       6.2Gi       1.8Gi
=== Thu Apr  9 05:19:38 AM UTC 2026 ===
2, 61054 MiB, 36195 MiB, 97887 MiB
3, 61094 MiB, 36155 MiB, 97887 MiB
               total        used        free      shared  buff/cache   available
Mem:           755Gi       267Gi       405Gi       146Mi        90Gi       488Gi
Swap:          8.0Gi       6.2Gi       1.8Gi
=== Thu Apr  9 05:19:48 AM UTC 2026 ===
2, 60118 MiB, 37131 MiB, 97887 MiB
3, 60806 MiB, 36443 MiB, 97887 MiB
               total        used        free      shared  buff/cache   available
Mem:           755Gi       267Gi       405Gi       146Mi        90Gi       488Gi
Swap:          8.0Gi       6.2Gi       1.8Gi
=== Thu Apr  9 05:19:59 AM UTC 2026 ===
2, 67292 MiB, 29957 MiB, 97887 MiB
3, 67610 MiB, 29639 MiB, 97887 MiB
               total        used        free      shared  buff/cache   available
Mem:           755Gi       267Gi       405Gi       146Mi        90Gi       488Gi
Swap:          8.0Gi       6.2Gi       1.8Gi
=== Thu Apr  9 05:20:09 AM UTC 2026 ===
2, 55916 MiB, 41333 MiB, 97887 MiB
3, 55956 MiB, 41293 MiB, 97887 MiB
               total        used        free      shared  buff/cache   available
Mem:           755Gi       267Gi       405Gi       146Mi        90Gi       488Gi
Swap:          8.0Gi       6.2Gi       1.8Gi
=== Thu Apr  9 05:20:20 AM UTC 2026 ===
2, 68174 MiB, 29075 MiB, 97887 MiB
3, 67874 MiB, 29375 MiB, 97887 MiB
               total        used        free      shared  buff/cache   available
Mem:           755Gi       267Gi       405Gi       146Mi        90Gi       488Gi
Swap:          8.0Gi       6.2Gi       1.8Gi
=== Thu Apr  9 05:20:31 AM UTC 2026 ===
2, 67876 MiB, 29373 MiB, 97887 MiB
3, 67874 MiB, 29375 MiB, 97887 MiB
               total        used        free      shared  buff/cache   available
Mem:           755Gi       267Gi       405Gi       146Mi        90Gi       488Gi
Swap:          8.0Gi       6.2Gi       1.8Gi
=== Thu Apr  9 05:20:41 AM UTC 2026 ===
2, 61150 MiB, 36099 MiB, 97887 MiB
3, 60954 MiB, 36295 MiB, 97887 MiB
               total        used        free      shared  buff/cache   available
Mem:           755Gi       267Gi       405Gi       146Mi        90Gi       488Gi
Swap:          8.0Gi       6.2Gi       1.8Gi
=== Thu Apr  9 05:20:52 AM UTC 2026 ===
2, 60700 MiB, 36549 MiB, 97887 MiB
3, 60782 MiB, 36467 MiB, 97887 MiB
               total        used        free      shared  buff/cache   available
Mem:           755Gi       267Gi       405Gi       146Mi        90Gi       488Gi
Swap:          8.0Gi       6.2Gi       1.8Gi
=== Thu Apr  9 05:21:02 AM UTC 2026 ===
2, 60752 MiB, 36497 MiB, 97887 MiB
3, 61402 MiB, 35847 MiB, 97887 MiB
               total        used        free      shared  buff/cache   available
Mem:           755Gi       267Gi       405Gi       146Mi        90Gi       488Gi
Swap:          8.0Gi       6.2Gi       1.8Gi
=== Thu Apr  9 05:21:13 AM UTC 2026 ===
2, 60758 MiB, 36491 MiB, 97887 MiB
3, 60604 MiB, 36645 MiB, 97887 MiB
               total        used        free      shared  buff/cache   available
Mem:           755Gi       267Gi       405Gi       146Mi        90Gi       488Gi
Swap:          8.0Gi       6.2Gi       1.8Gi
=== Thu Apr  9 05:21:24 AM UTC 2026 ===
2, 62974 MiB, 34275 MiB, 97887 MiB
3, 62816 MiB, 34433 MiB, 97887 MiB
               total        used        free      shared  buff/cache   available
Mem:           755Gi       267Gi       405Gi       146Mi        90Gi       488Gi
Swap:          8.0Gi       6.2Gi       1.8Gi
=== Thu Apr  9 05:21:34 AM UTC 2026 ===
2, 68170 MiB, 29079 MiB, 97887 MiB
3, 67556 MiB, 29693 MiB, 97887 MiB
               total        used        free      shared  buff/cache   available
Mem:           755Gi       267Gi       405Gi       146Mi        90Gi       488Gi
Swap:          8.0Gi       6.2Gi       1.8Gi
=== Thu Apr  9 05:21:45 AM UTC 2026 ===
2, 69056 MiB, 28193 MiB, 97887 MiB
3, 68816 MiB, 28433 MiB, 97887 MiB
               total        used        free      shared  buff/cache   available
Mem:           755Gi       267Gi       405Gi       146Mi        90Gi       488Gi
Swap:          8.0Gi       6.2Gi       1.8Gi
=== Thu Apr  9 05:21:55 AM UTC 2026 ===
2, 65136 MiB, 32113 MiB, 97887 MiB
3, 64740 MiB, 32509 MiB, 97887 MiB
               total        used        free      shared  buff/cache   available
Mem:           755Gi       267Gi       405Gi       146Mi        90Gi       488Gi
Swap:          8.0Gi       6.2Gi       1.8Gi
=== Thu Apr  9 05:22:06 AM UTC 2026 ===
2, 59938 MiB, 37311 MiB, 97887 MiB
3, 60002 MiB, 37247 MiB, 97887 MiB
               total        used        free      shared  buff/cache   available
Mem:           755Gi       267Gi       405Gi       146Mi        90Gi       488Gi
Swap:          8.0Gi       6.2Gi       1.8Gi
=== Thu Apr  9 05:22:17 AM UTC 2026 ===
2, 60272 MiB, 36977 MiB, 97887 MiB
3, 60290 MiB, 36959 MiB, 97887 MiB
               total        used        free      shared  buff/cache   available
Mem:           755Gi       267Gi       405Gi       146Mi        90Gi       488Gi
Swap:          8.0Gi       6.2Gi       1.8Gi
=== Thu Apr  9 05:22:27 AM UTC 2026 ===
2, 60460 MiB, 36789 MiB, 97887 MiB
3, 60562 MiB, 36687 MiB, 97887 MiB
               total        used        free      shared  buff/cache   available
Mem:           755Gi       267Gi       405Gi       146Mi        90Gi       488Gi
Swap:          8.0Gi       6.2Gi       1.8Gi
=== Thu Apr  9 05:22:38 AM UTC 2026 ===
2, 68254 MiB, 28995 MiB, 97887 MiB
3, 68250 MiB, 28999 MiB, 97887 MiB
               total        used        free      shared  buff/cache   available
Mem:           755Gi       267Gi       405Gi       146Mi        90Gi       488Gi
Swap:          8.0Gi       6.2Gi       1.8Gi
=== Thu Apr  9 05:22:49 AM UTC 2026 ===
2, 68234 MiB, 29015 MiB, 97887 MiB
3, 68458 MiB, 28791 MiB, 97887 MiB
               total        used        free      shared  buff/cache   available
Mem:           755Gi       267Gi       405Gi       146Mi        90Gi       488Gi
Swap:          8.0Gi       6.2Gi       1.8Gi
=== Thu Apr  9 05:22:59 AM UTC 2026 ===
2, 61494 MiB, 35755 MiB, 97887 MiB
3, 61432 MiB, 35817 MiB, 97887 MiB
               total        used        free      shared  buff/cache   available
Mem:           755Gi       267Gi       405Gi       146Mi        90Gi       488Gi
Swap:          8.0Gi       6.2Gi       1.8Gi
=== Thu Apr  9 05:23:10 AM UTC 2026 ===
2, 60738 MiB, 36511 MiB, 97887 MiB
3, 60794 MiB, 36455 MiB, 97887 MiB
               total        used        free      shared  buff/cache   available
Mem:           755Gi       267Gi       405Gi       146Mi        90Gi       488Gi
Swap:          8.0Gi       6.2Gi       1.8Gi
=== Thu Apr  9 05:23:20 AM UTC 2026 ===
2, 61144 MiB, 36105 MiB, 97887 MiB
3, 61342 MiB, 35907 MiB, 97887 MiB
               total        used        free      shared  buff/cache   available
Mem:           755Gi       267Gi       404Gi       146Mi        90Gi       487Gi
Swap:          8.0Gi       6.2Gi       1.8Gi
=== Thu Apr  9 05:23:31 AM UTC 2026 ===
2, 60946 MiB, 36303 MiB, 97887 MiB
3, 60866 MiB, 36383 MiB, 97887 MiB
               total        used        free      shared  buff/cache   available
Mem:           755Gi       267Gi       405Gi       146Mi        90Gi       488Gi
Swap:          8.0Gi       6.2Gi       1.8Gi
=== Thu Apr  9 05:23:42 AM UTC 2026 ===
2, 64954 MiB, 32295 MiB, 97887 MiB
3, 67370 MiB, 29879 MiB, 97887 MiB
               total        used        free      shared  buff/cache   available
Mem:           755Gi       267Gi       405Gi       146Mi        90Gi       488Gi
Swap:          8.0Gi       6.2Gi       1.8Gi
=== Thu Apr  9 05:23:52 AM UTC 2026 ===
2, 70086 MiB, 27163 MiB, 97887 MiB
3, 70222 MiB, 27027 MiB, 97887 MiB
               total        used        free      shared  buff/cache   available
Mem:           755Gi       267Gi       405Gi       146Mi        90Gi       488Gi
Swap:          8.0Gi       6.2Gi       1.8Gi
=== Thu Apr  9 05:24:03 AM UTC 2026 ===
2, 65374 MiB, 31875 MiB, 97887 MiB
3, 65474 MiB, 31775 MiB, 97887 MiB
               total        used        free      shared  buff/cache   available
Mem:           755Gi       267Gi       405Gi       146Mi        90Gi       488Gi
Swap:          8.0Gi       6.2Gi       1.8Gi
=== Thu Apr  9 05:24:14 AM UTC 2026 ===
2, 59936 MiB, 37313 MiB, 97887 MiB
3, 59996 MiB, 37253 MiB, 97887 MiB
               total        used        free      shared  buff/cache   available
Mem:           755Gi       267Gi       405Gi       146Mi        90Gi       488Gi
Swap:          8.0Gi       6.2Gi       1.8Gi
=== Thu Apr  9 05:24:24 AM UTC 2026 ===
2, 60714 MiB, 36535 MiB, 97887 MiB
3, 60790 MiB, 36459 MiB, 97887 MiB
               total        used        free      shared  buff/cache   available
Mem:           755Gi       267Gi       405Gi       146Mi        90Gi       488Gi
Swap:          8.0Gi       6.2Gi       1.8Gi
=== Thu Apr  9 05:24:35 AM UTC 2026 ===
2, 60862 MiB, 36387 MiB, 97887 MiB
3, 61402 MiB, 35847 MiB, 97887 MiB
               total        used        free      shared  buff/cache   available
Mem:           755Gi       267Gi       405Gi       146Mi        90Gi       488Gi
Swap:          8.0Gi       6.2Gi       1.8Gi
=== Thu Apr  9 05:24:46 AM UTC 2026 ===
2, 63900 MiB, 33349 MiB, 97887 MiB
3, 64114 MiB, 33135 MiB, 97887 MiB
               total        used        free      shared  buff/cache   available
Mem:           755Gi       267Gi       405Gi       146Mi        90Gi       488Gi
Swap:          8.0Gi       6.2Gi       1.8Gi
=== Thu Apr  9 05:24:56 AM UTC 2026 ===
2, 67358 MiB, 29891 MiB, 97887 MiB
3, 68154 MiB, 29095 MiB, 97887 MiB
               total        used        free      shared  buff/cache   available
Mem:           755Gi       267Gi       405Gi       146Mi        90Gi       488Gi
Swap:          8.0Gi       6.2Gi       1.8Gi
=== Thu Apr  9 05:25:07 AM UTC 2026 ===
2, 56714 MiB, 40535 MiB, 97887 MiB
3, 56740 MiB, 40509 MiB, 97887 MiB
               total        used        free      shared  buff/cache   available
Mem:           755Gi       267Gi       405Gi       146Mi        90Gi       488Gi
Swap:          8.0Gi       6.2Gi       1.8Gi
=== Thu Apr  9 05:25:18 AM UTC 2026 ===
2, 65934 MiB, 31315 MiB, 97887 MiB
3, 66234 MiB, 31015 MiB, 97887 MiB
               total        used        free      shared  buff/cache   available
Mem:           755Gi       267Gi       405Gi       146Mi        90Gi       488Gi
Swap:          8.0Gi       6.2Gi       1.8Gi
=== Thu Apr  9 05:25:28 AM UTC 2026 ===
2, 59938 MiB, 37311 MiB, 97887 MiB
3, 59976 MiB, 37273 MiB, 97887 MiB
               total        used        free      shared  buff/cache   available
Mem:           755Gi       267Gi       405Gi       146Mi        90Gi       488Gi
Swap:          8.0Gi       6.2Gi       1.8Gi
=== Thu Apr  9 05:25:39 AM UTC 2026 ===
2, 60800 MiB, 36449 MiB, 97887 MiB
3, 60270 MiB, 36979 MiB, 97887 MiB
               total        used        free      shared  buff/cache   available
Mem:           755Gi       267Gi       405Gi       146Mi        90Gi       488Gi
Swap:          8.0Gi       6.2Gi       1.8Gi
=== Thu Apr  9 05:25:49 AM UTC 2026 ===
2, 61298 MiB, 35951 MiB, 97887 MiB
3, 60942 MiB, 36307 MiB, 97887 MiB
               total        used        free      shared  buff/cache   available
Mem:           755Gi       267Gi       405Gi       146Mi        90Gi       488Gi
Swap:          8.0Gi       6.2Gi       1.8Gi
=== Thu Apr  9 05:26:00 AM UTC 2026 ===
2, 62974 MiB, 34275 MiB, 97887 MiB
3, 62274 MiB, 34975 MiB, 97887 MiB
               total        used        free      shared  buff/cache   available
Mem:           755Gi       267Gi       405Gi       146Mi        90Gi       488Gi
Swap:          8.0Gi       6.2Gi       1.8Gi
=== Thu Apr  9 05:26:11 AM UTC 2026 ===
2, 66886 MiB, 30363 MiB, 97887 MiB
3, 67126 MiB, 30123 MiB, 97887 MiB
               total        used        free      shared  buff/cache   available
Mem:           755Gi       267Gi       404Gi       146Mi        90Gi       487Gi
Swap:          8.0Gi       6.2Gi       1.8Gi
=== Thu Apr  9 05:26:21 AM UTC 2026 ===
2, 61536 MiB, 35713 MiB, 97887 MiB
3, 61436 MiB, 35813 MiB, 97887 MiB
               total        used        free      shared  buff/cache   available
Mem:           755Gi       298Gi       373Gi       146Mi        90Gi       456Gi
Swap:          8.0Gi       6.2Gi       1.8Gi
=== Thu Apr  9 05:26:32 AM UTC 2026 ===
2, 60738 MiB, 36511 MiB, 97887 MiB
3, 60392 MiB, 36857 MiB, 97887 MiB
               total        used        free      shared  buff/cache   available
Mem:           755Gi       396Gi       275Gi       146Mi        90Gi       358Gi
Swap:          8.0Gi       6.2Gi       1.8Gi
=== Thu Apr  9 05:26:42 AM UTC 2026 ===
2, 70128 MiB, 27121 MiB, 97887 MiB
3, 70254 MiB, 26995 MiB, 97887 MiB
               total        used        free      shared  buff/cache   available
Mem:           755Gi       379Gi       293Gi       146Mi        90Gi       376Gi
Swap:          8.0Gi       6.2Gi       1.8Gi
=== Thu Apr  9 05:26:53 AM UTC 2026 ===
2, 60802 MiB, 36447 MiB, 97887 MiB
3, 60816 MiB, 36433 MiB, 97887 MiB
               total        used        free      shared  buff/cache   available
Mem:           755Gi       412Gi       260Gi       146Mi        90Gi       343Gi
Swap:          8.0Gi       6.2Gi       1.8Gi
=== Thu Apr  9 05:27:03 AM UTC 2026 ===
2, 70376 MiB, 26873 MiB, 97887 MiB
3, 70216 MiB, 27033 MiB, 97887 MiB
               total        used        free      shared  buff/cache   available
Mem:           755Gi       535Gi       136Gi       146Mi        90Gi       219Gi
Swap:          8.0Gi       6.1Gi       1.9Gi
=== Thu Apr  9 05:27:13 AM UTC 2026 ===
2, 65728 MiB, 31521 MiB, 97887 MiB
3, 67368 MiB, 29881 MiB, 97887 MiB
               total        used        free      shared  buff/cache   available
Mem:           755Gi       649Gi        23Gi       146Mi        90Gi       106Gi
Swap:          8.0Gi       6.1Gi       1.9Gi
=== Thu Apr  9 05:27:24 AM UTC 2026 ===
2, 61028 MiB, 36221 MiB, 97887 MiB
3, 61398 MiB, 35851 MiB, 97887 MiB
               total        used        free      shared  buff/cache   available
Mem:           755Gi       282Gi       389Gi       146Mi        90Gi       472Gi
Swap:          8.0Gi       6.1Gi       1.9Gi
=== Thu Apr  9 05:27:35 AM UTC 2026 ===
2, 70074 MiB, 27175 MiB, 97887 MiB
3, 69788 MiB, 27461 MiB, 97887 MiB
               total        used        free      shared  buff/cache   available
Mem:           755Gi       271Gi       400Gi       146Mi        90Gi       483Gi
Swap:          8.0Gi       6.1Gi       1.9Gi
=== Thu Apr  9 05:27:45 AM UTC 2026 ===
2, 61814 MiB, 35435 MiB, 97887 MiB
3, 61536 MiB, 35713 MiB, 97887 MiB
               total        used        free      shared  buff/cache   available
Mem:           755Gi       275Gi       397Gi       146Mi        90Gi       480Gi
Swap:          8.0Gi       6.1Gi       1.9Gi
=== Thu Apr  9 05:27:56 AM UTC 2026 ===
2, 60732 MiB, 36517 MiB, 97887 MiB
3, 60790 MiB, 36459 MiB, 97887 MiB
               total        used        free      shared  buff/cache   available
Mem:           755Gi       269Gi       403Gi       146Mi        90Gi       486Gi
Swap:          8.0Gi       6.1Gi       1.9Gi
=== Thu Apr  9 05:28:06 AM UTC 2026 ===
2, 62374 MiB, 34875 MiB, 97887 MiB
3, 62396 MiB, 34853 MiB, 97887 MiB
               total        used        free      shared  buff/cache   available
Mem:           755Gi       268Gi       403Gi       146Mi        90Gi       486Gi
Swap:          8.0Gi       6.1Gi       1.9Gi
=== Thu Apr  9 05:28:17 AM UTC 2026 ===
2, 64454 MiB, 32795 MiB, 97887 MiB
3, 64774 MiB, 32475 MiB, 97887 MiB
               total        used        free      shared  buff/cache   available
Mem:           755Gi       268Gi       403Gi       146Mi        90Gi       486Gi
Swap:          8.0Gi       6.1Gi       1.9Gi
=== Thu Apr  9 05:28:27 AM UTC 2026 ===
2, 60754 MiB, 36495 MiB, 97887 MiB
3, 60062 MiB, 37187 MiB, 97887 MiB
               total        used        free      shared  buff/cache   available
Mem:           755Gi       268Gi       403Gi       146Mi        90Gi       486Gi
Swap:          8.0Gi       6.1Gi       1.9Gi
=== Thu Apr  9 05:28:38 AM UTC 2026 ===
2, 65834 MiB, 31415 MiB, 97887 MiB
3, 67364 MiB, 29885 MiB, 97887 MiB
               total        used        free      shared  buff/cache   available
Mem:           755Gi       268Gi       403Gi       146Mi        90Gi       486Gi
Swap:          8.0Gi       6.1Gi       1.9Gi
=== Thu Apr  9 05:28:48 AM UTC 2026 ===
2, 59944 MiB, 37305 MiB, 97887 MiB
3, 60002 MiB, 37247 MiB, 97887 MiB
               total        used        free      shared  buff/cache   available
Mem:           755Gi       268Gi       403Gi       146Mi        90Gi       486Gi
Swap:          8.0Gi       6.1Gi       1.9Gi
=== Thu Apr  9 05:28:59 AM UTC 2026 ===
2, 59936 MiB, 37313 MiB, 97887 MiB
3, 60096 MiB, 37153 MiB, 97887 MiB
               total        used        free      shared  buff/cache   available
Mem:           755Gi       268Gi       404Gi       146Mi        90Gi       487Gi
Swap:          8.0Gi       6.1Gi       1.9Gi
=== Thu Apr  9 05:29:10 AM UTC 2026 ===
2, 56734 MiB, 40515 MiB, 97887 MiB
3, 56492 MiB, 40757 MiB, 97887 MiB
               total        used        free      shared  buff/cache   available
Mem:           755Gi       268Gi       403Gi       146Mi        90Gi       486Gi
Swap:          8.0Gi       6.1Gi       1.9Gi
=== Thu Apr  9 05:29:20 AM UTC 2026 ===
2, 60686 MiB, 36563 MiB, 97887 MiB
3, 59990 MiB, 37259 MiB, 97887 MiB
               total        used        free      shared  buff/cache   available
Mem:           755Gi       268Gi       403Gi       146Mi        90Gi       486Gi
Swap:          8.0Gi       6.1Gi       1.9Gi
=== Thu Apr  9 05:29:31 AM UTC 2026 ===
2, 61874 MiB, 35375 MiB, 97887 MiB
3, 61812 MiB, 35437 MiB, 97887 MiB
               total        used        free      shared  buff/cache   available
Mem:           755Gi       268Gi       403Gi       146Mi        90Gi       486Gi
Swap:          8.0Gi       6.1Gi       1.9Gi
=== Thu Apr  9 05:29:42 AM UTC 2026 ===
2, 64494 MiB, 32755 MiB, 97887 MiB
3, 64410 MiB, 32839 MiB, 97887 MiB
               total        used        free      shared  buff/cache   available
Mem:           755Gi       268Gi       404Gi       146Mi        90Gi       487Gi
Swap:          8.0Gi       6.1Gi       1.9Gi
=== Thu Apr  9 05:29:52 AM UTC 2026 ===
2, 61456 MiB, 35793 MiB, 97887 MiB
3, 61656 MiB, 35593 MiB, 97887 MiB
               total        used        free      shared  buff/cache   available
Mem:           755Gi       268Gi       403Gi       146Mi        90Gi       486Gi
Swap:          8.0Gi       6.1Gi       1.9Gi
=== Thu Apr  9 05:30:03 AM UTC 2026 ===
2, 69514 MiB, 27735 MiB, 97887 MiB
3, 69654 MiB, 27595 MiB, 97887 MiB
               total        used        free      shared  buff/cache   available
Mem:           755Gi       268Gi       403Gi       146Mi        90Gi       486Gi
Swap:          8.0Gi       6.1Gi       1.9Gi
=== Thu Apr  9 05:30:14 AM UTC 2026 ===
2, 60516 MiB, 36733 MiB, 97887 MiB
3, 59976 MiB, 37273 MiB, 97887 MiB
               total        used        free      shared  buff/cache   available
Mem:           755Gi       268Gi       403Gi       146Mi        90Gi       486Gi
Swap:          8.0Gi       6.1Gi       1.9Gi
=== Thu Apr  9 05:30:24 AM UTC 2026 ===
2, 62354 MiB, 34895 MiB, 97887 MiB
3, 62376 MiB, 34873 MiB, 97887 MiB
               total        used        free      shared  buff/cache   available
Mem:           755Gi       268Gi       403Gi       146Mi        90Gi       486Gi
Swap:          8.0Gi       6.1Gi       1.9Gi
=== Thu Apr  9 05:30:35 AM UTC 2026 ===
2, 70254 MiB, 26995 MiB, 97887 MiB
3, 70314 MiB, 26935 MiB, 97887 MiB
               total        used        free      shared  buff/cache   available
Mem:           755Gi       268Gi       403Gi       146Mi        90Gi       486Gi
Swap:          8.0Gi       6.1Gi       1.9Gi
=== Thu Apr  9 05:30:45 AM UTC 2026 ===
2, 60442 MiB, 36807 MiB, 97887 MiB
3, 60798 MiB, 36451 MiB, 97887 MiB
               total        used        free      shared  buff/cache   available
Mem:           755Gi       273Gi       398Gi       146Mi        90Gi       481Gi
Swap:          8.0Gi       6.1Gi       1.9Gi
=== Thu Apr  9 05:30:56 AM UTC 2026 ===
2, 70174 MiB, 27075 MiB, 97887 MiB
3, 70254 MiB, 26995 MiB, 97887 MiB
               total        used        free      shared  buff/cache   available
Mem:           755Gi       268Gi       403Gi       146Mi        90Gi       486Gi
Swap:          8.0Gi       6.1Gi       1.9Gi
=== Thu Apr  9 05:31:07 AM UTC 2026 ===
2, 60658 MiB, 36591 MiB, 97887 MiB
3, 60792 MiB, 36457 MiB, 97887 MiB
               total        used        free      shared  buff/cache   available
Mem:           755Gi       268Gi       403Gi       146Mi        90Gi       486Gi
Swap:          8.0Gi       6.1Gi       1.9Gi
=== Thu Apr  9 05:31:17 AM UTC 2026 ===
2, 70254 MiB, 26995 MiB, 97887 MiB
3, 70314 MiB, 26935 MiB, 97887 MiB
               total        used        free      shared  buff/cache   available
Mem:           755Gi       268Gi       403Gi       146Mi        90Gi       487Gi
Swap:          8.0Gi       6.1Gi       1.9Gi
=== Thu Apr  9 05:31:28 AM UTC 2026 ===
2, 62068 MiB, 35181 MiB, 97887 MiB
3, 61376 MiB, 35873 MiB, 97887 MiB
               total        used        free      shared  buff/cache   available
Mem:           755Gi       268Gi       404Gi       146Mi        90Gi       487Gi
Swap:          8.0Gi       6.1Gi       1.9Gi
=== Thu Apr  9 05:31:38 AM UTC 2026 ===
2, 60598 MiB, 36651 MiB, 97887 MiB
3, 60764 MiB, 36485 MiB, 97887 MiB
               total        used        free      shared  buff/cache   available
Mem:           755Gi       267Gi       404Gi       146Mi        90Gi       487Gi
Swap:          8.0Gi       6.1Gi       1.9Gi
=== Thu Apr  9 05:31:48 AM UTC 2026 ===
2, 64054 MiB, 33195 MiB, 97887 MiB
3, 64714 MiB, 32535 MiB, 97887 MiB
               total        used        free      shared  buff/cache   available
Mem:           755Gi       267Gi       404Gi       146Mi        90Gi       487Gi
Swap:          8.0Gi       6.1Gi       1.9Gi
=== Thu Apr  9 05:31:59 AM UTC 2026 ===
2, 60768 MiB, 36481 MiB, 97887 MiB
3, 60894 MiB, 36355 MiB, 97887 MiB
               total        used        free      shared  buff/cache   available
Mem:           755Gi       267Gi       402Gi       146Mi        92Gi       487Gi
Swap:          8.0Gi       6.1Gi       1.9Gi
=== Thu Apr  9 05:32:09 AM UTC 2026 ===
2, 61190 MiB, 36059 MiB, 97887 MiB
3, 60948 MiB, 36301 MiB, 97887 MiB
               total        used        free      shared  buff/cache   available
Mem:           755Gi       267Gi       401Gi       146Mi        93Gi       487Gi
Swap:          8.0Gi       6.1Gi       1.9Gi
=== Thu Apr  9 05:32:20 AM UTC 2026 ===
2, 69314 MiB, 27935 MiB, 97887 MiB
3, 69474 MiB, 27775 MiB, 97887 MiB
               total        used        free      shared  buff/cache   available
Mem:           755Gi       267Gi       400Gi       146Mi        94Gi       487Gi
Swap:          8.0Gi       6.1Gi       1.9Gi
=== Thu Apr  9 05:32:31 AM UTC 2026 ===
2, 60728 MiB, 36521 MiB, 97887 MiB
3, 60788 MiB, 36461 MiB, 97887 MiB
               total        used        free      shared  buff/cache   available
Mem:           755Gi       267Gi       399Gi       146Mi        95Gi       487Gi
Swap:          8.0Gi       6.1Gi       1.9Gi
=== Thu Apr  9 05:32:41 AM UTC 2026 ===
2, 61368 MiB, 35881 MiB, 97887 MiB
3, 60938 MiB, 36311 MiB, 97887 MiB
               total        used        free      shared  buff/cache   available
Mem:           755Gi       267Gi       395Gi       146Mi        99Gi       487Gi
Swap:          8.0Gi       6.1Gi       1.9Gi
=== Thu Apr  9 05:32:52 AM UTC 2026 ===
2, 68154 MiB, 29095 MiB, 97887 MiB
3, 67494 MiB, 29755 MiB, 97887 MiB
               total        used        free      shared  buff/cache   available
Mem:           755Gi       268Gi       391Gi       146Mi       103Gi       487Gi
Swap:          8.0Gi       6.1Gi       1.9Gi
=== Thu Apr  9 05:33:02 AM UTC 2026 ===
2, 69796 MiB, 27453 MiB, 97887 MiB
3, 70336 MiB, 26913 MiB, 97887 MiB
               total        used        free      shared  buff/cache   available
Mem:           755Gi       268Gi       389Gi       146Mi       105Gi       487Gi
Swap:          8.0Gi       6.1Gi       1.9Gi
=== Thu Apr  9 05:33:13 AM UTC 2026 ===
2, 67054 MiB, 30195 MiB, 97887 MiB
3, 66554 MiB, 30695 MiB, 97887 MiB
               total        used        free      shared  buff/cache   available
Mem:           755Gi       267Gi       388Gi       146Mi       106Gi       487Gi
Swap:          8.0Gi       6.1Gi       1.9Gi
=== Thu Apr  9 05:33:24 AM UTC 2026 ===
2, 64874 MiB, 32375 MiB, 97887 MiB
3, 64596 MiB, 32653 MiB, 97887 MiB
               total        used        free      shared  buff/cache   available
Mem:           755Gi       267Gi       389Gi       146Mi       105Gi       487Gi
Swap:          8.0Gi       6.1Gi       1.9Gi
=== Thu Apr  9 05:33:34 AM UTC 2026 ===
2, 60624 MiB, 36625 MiB, 97887 MiB
3, 60570 MiB, 36679 MiB, 97887 MiB
               total        used        free      shared  buff/cache   available
Mem:           755Gi       267Gi       396Gi       146Mi        98Gi       487Gi
Swap:          8.0Gi       6.1Gi       1.9Gi
=== Thu Apr  9 05:33:45 AM UTC 2026 ===
2, 70234 MiB, 27015 MiB, 97887 MiB
3, 69614 MiB, 27635 MiB, 97887 MiB
               total        used        free      shared  buff/cache   available
Mem:           755Gi       267Gi       396Gi       146Mi        98Gi       487Gi
Swap:          8.0Gi       6.1Gi       1.9Gi
=== Thu Apr  9 05:33:55 AM UTC 2026 ===
2, 60706 MiB, 36543 MiB, 97887 MiB
3, 60764 MiB, 36485 MiB, 97887 MiB
               total        used        free      shared  buff/cache   available
Mem:           755Gi       267Gi       404Gi       146Mi        90Gi       487Gi
Swap:          8.0Gi       6.1Gi       1.9Gi
=== Thu Apr  9 05:34:06 AM UTC 2026 ===
2, 60620 MiB, 36629 MiB, 97887 MiB
3, 61436 MiB, 35813 MiB, 97887 MiB
               total        used        free      shared  buff/cache   available
Mem:           755Gi       267Gi       404Gi       146Mi        90Gi       487Gi
Swap:          8.0Gi       6.1Gi       1.9Gi
=== Thu Apr  9 05:34:16 AM UTC 2026 ===
2, 64994 MiB, 32255 MiB, 97887 MiB
3, 64858 MiB, 32391 MiB, 97887 MiB
               total        used        free      shared  buff/cache   available
Mem:           755Gi       267Gi       404Gi       146Mi        90Gi       487Gi
Swap:          8.0Gi       6.1Gi       1.9Gi
=== Thu Apr  9 05:34:27 AM UTC 2026 ===
2, 67494 MiB, 29755 MiB, 97887 MiB
3, 67428 MiB, 29821 MiB, 97887 MiB
               total        used        free      shared  buff/cache   available
Mem:           755Gi       267Gi       403Gi       146Mi        91Gi       487Gi
Swap:          8.0Gi       6.1Gi       1.9Gi
=== Thu Apr  9 05:34:38 AM UTC 2026 ===
2, 61008 MiB, 36241 MiB, 97887 MiB
3, 60008 MiB, 37241 MiB, 97887 MiB
               total        used        free      shared  buff/cache   available
Mem:           755Gi       267Gi       403Gi       146Mi        91Gi       487Gi
Swap:          8.0Gi       6.1Gi       1.9Gi
=== Thu Apr  9 05:34:48 AM UTC 2026 ===
2, 60752 MiB, 36497 MiB, 97887 MiB
3, 61350 MiB, 35899 MiB, 97887 MiB
               total        used        free      shared  buff/cache   available
Mem:           755Gi       267Gi       403Gi       146Mi        91Gi       487Gi
Swap:          8.0Gi       6.1Gi       1.9Gi
=== Thu Apr  9 05:34:59 AM UTC 2026 ===
2, 60948 MiB, 36301 MiB, 97887 MiB
3, 60988 MiB, 36261 MiB, 97887 MiB
               total        used        free      shared  buff/cache   available
Mem:           755Gi       267Gi       403Gi       146Mi        91Gi       487Gi
Swap:          8.0Gi       6.1Gi       1.9Gi
=== Thu Apr  9 05:35:09 AM UTC 2026 ===
2, 70214 MiB, 27035 MiB, 97887 MiB
3, 70306 MiB, 26943 MiB, 97887 MiB
               total        used        free      shared  buff/cache   available
Mem:           755Gi       268Gi       402Gi       146Mi        92Gi       487Gi
Swap:          8.0Gi       6.1Gi       1.9Gi
=== Thu Apr  9 05:35:20 AM UTC 2026 ===
2, 63754 MiB, 33495 MiB, 97887 MiB
3, 64136 MiB, 33113 MiB, 97887 MiB
               total        used        free      shared  buff/cache   available
Mem:           755Gi       268Gi       402Gi       146Mi        92Gi       487Gi
Swap:          8.0Gi       6.1Gi       1.9Gi
=== Thu Apr  9 05:35:31 AM UTC 2026 ===
2, 60750 MiB, 36499 MiB, 97887 MiB
3, 60366 MiB, 36883 MiB, 97887 MiB
               total        used        free      shared  buff/cache   available
Mem:           755Gi       268Gi       401Gi       146Mi        92Gi       487Gi
Swap:          8.0Gi       6.1Gi       1.9Gi
=== Thu Apr  9 05:35:41 AM UTC 2026 ===
2, 64034 MiB, 33215 MiB, 97887 MiB
3, 64014 MiB, 33235 MiB, 97887 MiB
               total        used        free      shared  buff/cache   available
Mem:           755Gi       268Gi       401Gi       146Mi        93Gi       487Gi
Swap:          8.0Gi       6.1Gi       1.9Gi
=== Thu Apr  9 05:35:52 AM UTC 2026 ===
2, 69454 MiB, 27795 MiB, 97887 MiB
3, 69354 MiB, 27895 MiB, 97887 MiB
               total        used        free      shared  buff/cache   available
Mem:           755Gi       268Gi       401Gi       146Mi        93Gi       487Gi
Swap:          8.0Gi       6.1Gi       1.9Gi
=== Thu Apr  9 05:36:03 AM UTC 2026 ===
2, 60560 MiB, 36689 MiB, 97887 MiB
3, 60790 MiB, 36459 MiB, 97887 MiB
               total        used        free      shared  buff/cache   available
Mem:           755Gi       268Gi       401Gi       146Mi        93Gi       487Gi
Swap:          8.0Gi       6.1Gi       1.9Gi
=== Thu Apr  9 05:36:13 AM UTC 2026 ===
2, 61638 MiB, 35611 MiB, 97887 MiB
3, 61656 MiB, 35593 MiB, 97887 MiB
               total        used        free      shared  buff/cache   available
Mem:           755Gi       268Gi       400Gi       146Mi        94Gi       487Gi
Swap:          8.0Gi       6.1Gi       1.9Gi
=== Thu Apr  9 05:36:24 AM UTC 2026 ===
2, 68074 MiB, 29175 MiB, 97887 MiB
3, 67404 MiB, 29845 MiB, 97887 MiB
               total        used        free      shared  buff/cache   available
Mem:           755Gi       268Gi       400Gi       146Mi        94Gi       487Gi
Swap:          8.0Gi       6.1Gi       1.9Gi
=== Thu Apr  9 05:36:35 AM UTC 2026 ===
2, 65114 MiB, 32135 MiB, 97887 MiB
3, 64894 MiB, 32355 MiB, 97887 MiB
               total        used        free      shared  buff/cache   available
Mem:           755Gi       267Gi       400Gi       146Mi        94Gi       487Gi
Swap:          8.0Gi       6.1Gi       1.9Gi
=== Thu Apr  9 05:36:45 AM UTC 2026 ===
2, 60828 MiB, 36421 MiB, 97887 MiB
3, 61350 MiB, 35899 MiB, 97887 MiB
               total        used        free      shared  buff/cache   available
Mem:           755Gi       268Gi       399Gi       146Mi        95Gi       487Gi
Swap:          8.0Gi       6.1Gi       1.9Gi
=== Thu Apr  9 05:36:56 AM UTC 2026 ===
2, 64854 MiB, 32395 MiB, 97887 MiB
3, 64094 MiB, 33155 MiB, 97887 MiB
               total        used        free      shared  buff/cache   available
Mem:           755Gi       267Gi       399Gi       146Mi        95Gi       487Gi
Swap:          8.0Gi       6.1Gi       1.9Gi
=== Thu Apr  9 05:37:06 AM UTC 2026 ===
2, 68654 MiB, 28595 MiB, 97887 MiB
3, 68754 MiB, 28495 MiB, 97887 MiB
               total        used        free      shared  buff/cache   available
Mem:           755Gi       268Gi       399Gi       146Mi        95Gi       487Gi
Swap:          8.0Gi       6.1Gi       1.9Gi
=== Thu Apr  9 05:37:17 AM UTC 2026 ===
2, 60724 MiB, 36525 MiB, 97887 MiB
3, 60782 MiB, 36467 MiB, 97887 MiB
               total        used        free      shared  buff/cache   available
Mem:           755Gi       268Gi       398Gi       146Mi        95Gi       487Gi
Swap:          8.0Gi       6.1Gi       1.9Gi
=== Thu Apr  9 05:37:27 AM UTC 2026 ===
2, 60456 MiB, 36793 MiB, 97887 MiB
3, 60500 MiB, 36749 MiB, 97887 MiB
               total        used        free      shared  buff/cache   available
Mem:           755Gi       267Gi       398Gi       146Mi        96Gi       487Gi
Swap:          8.0Gi       6.1Gi       1.9Gi
=== Thu Apr  9 05:37:38 AM UTC 2026 ===
2, 68334 MiB, 28915 MiB, 97887 MiB
3, 68474 MiB, 28775 MiB, 97887 MiB
               total        used        free      shared  buff/cache   available
Mem:           755Gi       267Gi       398Gi       146Mi        96Gi       487Gi
Swap:          8.0Gi       6.1Gi       1.9Gi
=== Thu Apr  9 05:37:49 AM UTC 2026 ===
2, 59174 MiB, 38075 MiB, 97887 MiB
3, 59234 MiB, 38015 MiB, 97887 MiB
               total        used        free      shared  buff/cache   available
Mem:           755Gi       267Gi       398Gi       146Mi        96Gi       487Gi
Swap:          8.0Gi       6.1Gi       1.9Gi
=== Thu Apr  9 05:37:59 AM UTC 2026 ===
2, 61810 MiB, 35439 MiB, 97887 MiB
3, 63016 MiB, 34233 MiB, 97887 MiB
               total        used        free      shared  buff/cache   available
Mem:           755Gi       268Gi       397Gi       146Mi        97Gi       487Gi
Swap:          8.0Gi       6.1Gi       1.9Gi
=== Thu Apr  9 05:38:10 AM UTC 2026 ===
2, 60722 MiB, 36527 MiB, 97887 MiB
3, 60788 MiB, 36461 MiB, 97887 MiB
               total        used        free      shared  buff/cache   available
Mem:           755Gi       268Gi       397Gi       146Mi        97Gi       487Gi
Swap:          8.0Gi       6.1Gi       1.9Gi
=== Thu Apr  9 05:38:21 AM UTC 2026 ===
2, 61352 MiB, 35897 MiB, 97887 MiB
3, 61320 MiB, 35929 MiB, 97887 MiB
               total        used        free      shared  buff/cache   available
Mem:           755Gi       267Gi       397Gi       146Mi        97Gi       487Gi
Swap:          8.0Gi       6.1Gi       1.9Gi
=== Thu Apr  9 05:38:31 AM UTC 2026 ===
2, 65694 MiB, 31555 MiB, 97887 MiB
3, 67454 MiB, 29795 MiB, 97887 MiB
               total        used        free      shared  buff/cache   available
Mem:           755Gi       268Gi       396Gi       146Mi        98Gi       487Gi
Swap:          8.0Gi       6.1Gi       1.9Gi
=== Thu Apr  9 05:38:42 AM UTC 2026 ===
2, 70356 MiB, 26893 MiB, 97887 MiB
3, 70374 MiB, 26875 MiB, 97887 MiB
               total        used        free      shared  buff/cache   available
Mem:           755Gi       268Gi       396Gi       146Mi        98Gi       487Gi
Swap:          8.0Gi       6.1Gi       1.9Gi
=== Thu Apr  9 05:38:52 AM UTC 2026 ===
2, 62194 MiB, 35055 MiB, 97887 MiB
3, 62510 MiB, 34739 MiB, 97887 MiB
               total        used        free      shared  buff/cache   available
Mem:           755Gi       268Gi       396Gi       146Mi        98Gi       487Gi
Swap:          8.0Gi       6.1Gi       1.9Gi
=== Thu Apr  9 05:39:03 AM UTC 2026 ===
2, 60758 MiB, 36491 MiB, 97887 MiB
3, 60898 MiB, 36351 MiB, 97887 MiB
               total        used        free      shared  buff/cache   available
Mem:           755Gi       268Gi       396Gi       146Mi        98Gi       487Gi
Swap:          8.0Gi       6.1Gi       1.9Gi
=== Thu Apr  9 05:39:14 AM UTC 2026 ===
2, 61424 MiB, 35825 MiB, 97887 MiB
3, 61438 MiB, 35811 MiB, 97887 MiB
               total        used        free      shared  buff/cache   available
Mem:           755Gi       267Gi       395Gi       146Mi        99Gi       487Gi
Swap:          8.0Gi       6.1Gi       1.9Gi
=== Thu Apr  9 05:39:24 AM UTC 2026 ===
2, 69268 MiB, 27981 MiB, 97887 MiB
3, 68616 MiB, 28633 MiB, 97887 MiB
               total        used        free      shared  buff/cache   available
Mem:           755Gi       268Gi       395Gi       146Mi        99Gi       487Gi
Swap:          8.0Gi       6.1Gi       1.9Gi
=== Thu Apr  9 05:39:35 AM UTC 2026 ===
2, 67514 MiB, 29735 MiB, 97887 MiB
3, 67462 MiB, 29787 MiB, 97887 MiB
               total        used        free      shared  buff/cache   available
